Archive member included to satisfy reference by file (symbol)

C:/ST/STM32CubeIDE/plugins/com.st.stm32cube.ide.mcu.externaltools.gnu-tools-for-stm32.11.3.rel1.win32_1.1.100.202309141235/tools/bin/../lib/gcc/arm-none-eabi/11.3.1/../../../../arm-none-eabi/lib/thumb/v7e-m+dp/hard\libc_nano.a(libc_a-exit.o)
                              C:/ST/STM32CubeIDE/plugins/com.st.stm32cube.ide.mcu.externaltools.gnu-tools-for-stm32.11.3.rel1.win32_1.1.100.202309141235/tools/bin/../lib/gcc/arm-none-eabi/11.3.1/../../../../arm-none-eabi/lib/thumb/v7e-m+dp/hard/crt0.o (exit)
C:/ST/STM32CubeIDE/plugins/com.st.stm32cube.ide.mcu.externaltools.gnu-tools-for-stm32.11.3.rel1.win32_1.1.100.202309141235/tools/bin/../lib/gcc/arm-none-eabi/11.3.1/../../../../arm-none-eabi/lib/thumb/v7e-m+dp/hard\libc_nano.a(libc_a-findfp.o)
                              C:/ST/STM32CubeIDE/plugins/com.st.stm32cube.ide.mcu.externaltools.gnu-tools-for-stm32.11.3.rel1.win32_1.1.100.202309141235/tools/bin/../lib/gcc/arm-none-eabi/11.3.1/../../../../arm-none-eabi/lib/thumb/v7e-m+dp/hard\libc_nano.a(libc_a-exit.o) (__stdio_exit_handler)
C:/ST/STM32CubeIDE/plugins/com.st.stm32cube.ide.mcu.externaltools.gnu-tools-for-stm32.11.3.rel1.win32_1.1.100.202309141235/tools/bin/../lib/gcc/arm-none-eabi/11.3.1/../../../../arm-none-eabi/lib/thumb/v7e-m+dp/hard\libc_nano.a(libc_a-fwalk.o)
                              C:/ST/STM32CubeIDE/plugins/com.st.stm32cube.ide.mcu.externaltools.gnu-tools-for-stm32.11.3.rel1.win32_1.1.100.202309141235/tools/bin/../lib/gcc/arm-none-eabi/11.3.1/../../../../arm-none-eabi/lib/thumb/v7e-m+dp/hard\libc_nano.a(libc_a-findfp.o) (_fwalk_sglue)
C:/ST/STM32CubeIDE/plugins/com.st.stm32cube.ide.mcu.externaltools.gnu-tools-for-stm32.11.3.rel1.win32_1.1.100.202309141235/tools/bin/../lib/gcc/arm-none-eabi/11.3.1/../../../../arm-none-eabi/lib/thumb/v7e-m+dp/hard\libc_nano.a(libc_a-sprintf.o)
                              ./Core/Src/main.o (sprintf)
C:/ST/STM32CubeIDE/plugins/com.st.stm32cube.ide.mcu.externaltools.gnu-tools-for-stm32.11.3.rel1.win32_1.1.100.202309141235/tools/bin/../lib/gcc/arm-none-eabi/11.3.1/../../../../arm-none-eabi/lib/thumb/v7e-m+dp/hard\libc_nano.a(libc_a-stdio.o)
                              C:/ST/STM32CubeIDE/plugins/com.st.stm32cube.ide.mcu.externaltools.gnu-tools-for-stm32.11.3.rel1.win32_1.1.100.202309141235/tools/bin/../lib/gcc/arm-none-eabi/11.3.1/../../../../arm-none-eabi/lib/thumb/v7e-m+dp/hard\libc_nano.a(libc_a-findfp.o) (__sread)
C:/ST/STM32CubeIDE/plugins/com.st.stm32cube.ide.mcu.externaltools.gnu-tools-for-stm32.11.3.rel1.win32_1.1.100.202309141235/tools/bin/../lib/gcc/arm-none-eabi/11.3.1/../../../../arm-none-eabi/lib/thumb/v7e-m+dp/hard\libc_nano.a(libc_a-memset.o)
                              C:/ST/STM32CubeIDE/plugins/com.st.stm32cube.ide.mcu.externaltools.gnu-tools-for-stm32.11.3.rel1.win32_1.1.100.202309141235/tools/bin/../lib/gcc/arm-none-eabi/11.3.1/../../../../arm-none-eabi/lib/thumb/v7e-m+dp/hard/crt0.o (memset)
C:/ST/STM32CubeIDE/plugins/com.st.stm32cube.ide.mcu.externaltools.gnu-tools-for-stm32.11.3.rel1.win32_1.1.100.202309141235/tools/bin/../lib/gcc/arm-none-eabi/11.3.1/../../../../arm-none-eabi/lib/thumb/v7e-m+dp/hard\libc_nano.a(libc_a-closer.o)
                              C:/ST/STM32CubeIDE/plugins/com.st.stm32cube.ide.mcu.externaltools.gnu-tools-for-stm32.11.3.rel1.win32_1.1.100.202309141235/tools/bin/../lib/gcc/arm-none-eabi/11.3.1/../../../../arm-none-eabi/lib/thumb/v7e-m+dp/hard\libc_nano.a(libc_a-stdio.o) (_close_r)
C:/ST/STM32CubeIDE/plugins/com.st.stm32cube.ide.mcu.externaltools.gnu-tools-for-stm32.11.3.rel1.win32_1.1.100.202309141235/tools/bin/../lib/gcc/arm-none-eabi/11.3.1/../../../../arm-none-eabi/lib/thumb/v7e-m+dp/hard\libc_nano.a(libc_a-reent.o)
                              C:/ST/STM32CubeIDE/plugins/com.st.stm32cube.ide.mcu.externaltools.gnu-tools-for-stm32.11.3.rel1.win32_1.1.100.202309141235/tools/bin/../lib/gcc/arm-none-eabi/11.3.1/../../../../arm-none-eabi/lib/thumb/v7e-m+dp/hard\libc_nano.a(libc_a-closer.o) (errno)
C:/ST/STM32CubeIDE/plugins/com.st.stm32cube.ide.mcu.externaltools.gnu-tools-for-stm32.11.3.rel1.win32_1.1.100.202309141235/tools/bin/../lib/gcc/arm-none-eabi/11.3.1/../../../../arm-none-eabi/lib/thumb/v7e-m+dp/hard\libc_nano.a(libc_a-impure.o)
                              C:/ST/STM32CubeIDE/plugins/com.st.stm32cube.ide.mcu.externaltools.gnu-tools-for-stm32.11.3.rel1.win32_1.1.100.202309141235/tools/bin/../lib/gcc/arm-none-eabi/11.3.1/../../../../arm-none-eabi/lib/thumb/v7e-m+dp/hard\libc_nano.a(libc_a-sprintf.o) (_impure_ptr)
C:/ST/STM32CubeIDE/plugins/com.st.stm32cube.ide.mcu.externaltools.gnu-tools-for-stm32.11.3.rel1.win32_1.1.100.202309141235/tools/bin/../lib/gcc/arm-none-eabi/11.3.1/../../../../arm-none-eabi/lib/thumb/v7e-m+dp/hard\libc_nano.a(libc_a-lseekr.o)
[...]
Memory Configuration

Name             Origin             Length             Attributes
ITCMRAM          0x0000000000000000 0x0000000000010000 xrw
FLASH            0x0000000008000000 0x0000000000020000 xr
DTCMRAM1         0x0000000020000000 0x0000000000010000 xrw
DTCMRAM2         0x0000000020010000 0x0000000000010000 xrw
RAM              0x0000000024000000 0x0000000000100000 xrw
RAM_CD           0x0000000030000000 0x0000000000020000 xrw
RAM_SRD          0x0000000038000000 0x0000000000008000 xrw
*default*        0x0000000000000000 0xffffffffffffffff

Linker script and memory map

LOAD C:/ST/STM32CubeIDE/plugins/com.st.stm32cube.ide.mcu.externaltools.gnu-tools-for-stm32.11.3.rel1.win32_1.1.100.202309141235/tools/bin/../lib/gcc/arm-none-eabi/11.3.1/thumb/v7e-m+dp/hard/crti.o
LOAD C:/ST/STM32CubeIDE/plugins/com.st.stm32cube.ide.mcu.externaltools.gnu-tools-for-stm32.11.3.rel1.win32_1.1.100.202309141235/tools/bin/../lib/gcc/arm-none-eabi/11.3.1/thumb/v7e-m+dp/hard/crtbegin.o
LOAD C:/ST/STM32CubeIDE/plugins/com.st.stm32cube.ide.mcu.externaltools.gnu-tools-for-stm32.11.3.rel1.win32_1.1.100.202309141235/tools/bin/../lib/gcc/arm-none-eabi/11.3.1/../../../../arm-none-eabi/lib/thumb/v7e-m+dp/hard/crt0.o
LOAD ./Core/Src/main.o
LOAD ./Core/Src/stm32h7xx_hal_msp.o
LOAD ./Core/Src/stm32h7xx_it.o
LOAD ./Core/Src/syscalls.o
LOAD ./Core/Src/sysmem.o
LOAD ./Core/Src/system_stm32h7xx.o
LOAD ./Core/Startup/startup_stm32h7b0vbtx.o
LOAD ./Drivers/STM32H7xx_HAL_Driver/Src/stm32h7xx_hal.o
LOAD ./Drivers/STM32H7xx_HAL_Driver/Src/stm32h7xx_hal_cortex.o
LOAD ./Drivers/STM32H7xx_HAL_Driver/Src/stm32h7xx_hal_dma.o
LOAD ./Drivers/STM32H7xx_HAL_Driver/Src/stm32h7xx_hal_dma_ex.o
LOAD ./Drivers/STM32H7xx_HAL_Driver/Src/stm32h7xx_hal_exti.o
LOAD ./Drivers/STM32H7xx_HAL_Driver/Src/stm32h7xx_hal_flash.o
LOAD ./Drivers/STM32H7xx_HAL_Driver/Src/stm32h7xx_hal_flash_ex.o
LOAD ./Drivers/STM32H7xx_HAL_Driver/Src/stm32h7xx_hal_gpio.o
LOAD ./Drivers/STM32H7xx_HAL_Driver/Src/stm32h7xx_hal_hsem.o
LOAD ./Drivers/STM32H7xx_HAL_Driver/Src/stm32h7xx_hal_i2c.o
LOAD ./Drivers/STM32H7xx_HAL_Driver/Src/stm32h7xx_hal_i2c_ex.o
LOAD ./Drivers/STM32H7xx_HAL_Driver/Src/stm32h7xx_hal_mdma.o
LOAD ./Drivers/STM32H7xx_HAL_Driver/Src/stm32h7xx_hal_pwr.o
LOAD ./Drivers/STM32H7xx_HAL_Driver/Src/stm32h7xx_hal_pwr_ex.o
LOAD ./Drivers/STM32H7xx_HAL_Driver/Src/stm32h7xx_hal_rcc.o
LOAD ./Drivers/STM32H7xx_HAL_Driver/Src/stm32h7xx_hal_rcc_ex.o
LOAD ./Drivers/STM32H7xx_HAL_Driver/Src/stm32h7xx_hal_tim.o
LOAD ./Drivers/STM32H7xx_HAL_Driver/Src/stm32h7xx_hal_tim_ex.o
LOAD ./Drivers/STM32H7xx_HAL_Driver/Src/stm32h7xx_hal_uart.o
LOAD ./Drivers/STM32H7xx_HAL_Driver/Src/stm32h7xx_hal_uart_ex.o
START GROUP
LOAD C:/ST/STM32CubeIDE/plugins/com.st.stm32cube.ide.mcu.externaltools.gnu-tools-for-stm32.11.3.rel1.win32_1.1.100.202309141235/tools/bin/../lib/gcc/arm-none-eabi/11.3.1/../../../../arm-none-eabi/lib/thumb/v7e-m+dp/hard\libc_nano.a
LOAD C:/ST/STM32CubeIDE/plugins/com.st.stm32cube.ide.mcu.externaltools.gnu-tools-for-stm32.11.3.rel1.win32_1.1.100.202309141235/tools/bin/../lib/gcc/arm-none-eabi/11.3.1/../../../../arm-none-eabi/lib/thumb/v7e-m+dp/hard\libm.a
END GROUP
START GROUP
LOAD C:/ST/STM32CubeIDE/plugins/com.st.stm32cube.ide.mcu.externaltools.gnu-tools-for-stm32.11.3.rel1.win32_1.1.100.202309141235/tools/bin/../lib/gcc/arm-none-eabi/11.3.1/thumb/v7e-m+dp/hard\libgcc.a
LOAD C:/ST/STM32CubeIDE/plugins/com.st.stm32cube.ide.mcu.externaltools.gnu-tools-for-stm32.11.3.rel1.win32_1.1.100.202309141235/tools/bin/../lib/gcc/arm-none-eabi/11.3.1/../../../../arm-none-eabi/lib/thumb/v7e-m+dp/hard\libc_nano.a
END GROUP
START GROUP
LOAD C:/ST/STM32CubeIDE/plugins/com.st.stm32cube.ide.mcu.externaltools.gnu-tools-for-stm32.11.3.rel1.win32_1.1.100.202309141235/tools/bin/../lib/gcc/arm-none-eabi/11.3.1/thumb/v7e-m+dp/hard\libgcc.a
LOAD C:/ST/STM32CubeIDE/plugins/com.st.stm32cube.ide.mcu.externaltools.gnu-tools-for-stm32.11.3.rel1.win32_1.1.100.202309141235/tools/bin/../lib/gcc/arm-none-eabi/11.3.1/../../../../arm-none-eabi/lib/thumb/v7e-m+dp/hard\libc_nano.a
LOAD C:/ST/STM32CubeIDE/plugins/com.st.stm32cube.ide.mcu.externaltools.gnu-tools-for-stm32.11.3.rel1.win32_1.1.100.202309141235/tools/bin/../lib/gcc/arm-none-eabi/11.3.1/../../../../arm-none-eabi/lib/thumb/v7e-m+dp/hard\libnosys.a
END GROUP
START GROUP
LOAD C:/ST/STM32CubeIDE/plugins/com.st.stm32cube.ide.mcu.externaltools.gnu-tools-for-stm32.11.3.rel1.win32_1.1.100.202309141235/tools/bin/../lib/gcc/arm-none-eabi/11.3.1/thumb/v7e-m+dp/hard\libgcc.a
LOAD C:/ST/STM32CubeIDE/plugins/com.st.stm32cube.ide.mcu.externaltools.gnu-tools-for-stm32.11.3.rel1.win32_1.1.100.202309141235/tools/bin/../lib/gcc/arm-none-eabi/11.3.1/../../../../arm-none-eabi/lib/thumb/v7e-m+dp/hard\libc_nano.a
LOAD C:/ST/STM32CubeIDE/plugins/com.st.stm32cube.ide.mcu.externaltools.gnu-tools-for-stm32.11.3.rel1.win32_1.1.100.202309141235/tools/bin/../lib/gcc/arm-none-eabi/11.3.1/../../../../arm-none-eabi/lib/thumb/v7e-m+dp/hard\libnosys.a
END GROUP
LOAD C:/ST/STM32CubeIDE/plugins/com.st.stm32cube.ide.mcu.externaltools.gnu-tools-for-stm32.11.3.rel1.win32_1.1.100.202309141235/tools/bin/../lib/gcc/arm-none-eabi/11.3.1/thumb/v7e-m+dp/hard/crtend.o
LOAD C:/ST/STM32CubeIDE/plugins/com.st.stm32cube.ide.mcu.externaltools.gnu-tools-for-stm32.11.3.rel1.win32_1.1.100.202309141235/tools/bin/../lib/gcc/arm-none-eabi/11.3.1/thumb/v7e-m+dp/hard/crtn.o
                0x0000000024100000                _estack = (ORIGIN (RAM) + LENGTH (RAM))
                0x0000000000000200                _Min_Heap_Size = 0x200
                0x0000000000000400                _Min_Stack_Size = 0x400

.isr_vector     0x0000000008000000      0x2ac
                0x0000000008000000                . = ALIGN (0x4)
 *(.isr_vector)
 .isr_vector    0x0000000008000000      0x2ac ./Core/Startup/startup_stm32h7b0vbtx.o
                0x0000000008000000                g_pfnVectors
                0x00000000080002ac                . = ALIGN (0x4)

.text           0x00000000080002b0     0x7ca4
                0x00000000080002b0                . = ALIGN (0x4)
 *(.text)
 .text          0x00000000080002b0       0x40 C:/ST/STM32CubeIDE/plugins/com.st.stm32cube.ide.mcu.externaltools.gnu-tools-for-stm32.11.3.rel1.win32_1.1.100.202309141235/tools/bin/../lib/gcc/arm-none-eabi/11.3.1/thumb/v7e-m+dp/hard/crtbegin.o
 .text          0x00000000080002f0       0x10 C:/ST/STM32CubeIDE/plugins/com.st.stm32cube.ide.mcu.externaltools.gnu-tools-for-stm32.11.3.rel1.win32_1.1.100.202309141235/tools/bin/../lib/gcc/arm-none-eabi/11.3.1/../../../../arm-none-eabi/lib/thumb/v7e-m+dp/hard\libc_nano.a(libc_a-strlen.o)
                0x00000000080002f0                strlen
 .text          0x0000000008000300       0xa0 C:/ST/STM32CubeIDE/plugins/com.st.stm32cube.ide.mcu.externaltools.gnu-tools-for-stm32.11.3.rel1.win32_1.1.100.202309141235/tools/bin/../lib/gcc/arm-none-eabi/11.3.1/../../../../arm-none-eabi/lib/thumb/v7e-m+dp/hard\libc_nano.a(libc_a-memchr.o)
                0x0000000008000300                memchr
 .text          0x00000000080003a0       0x30 C:/ST/STM32CubeIDE/plugins/com.st.stm32cube.ide.mcu.externaltools.gnu-tools-for-stm32.11.3.rel1.win32_1.1.100.202309141235/tools/bin/../lib/gcc/arm-none-eabi/11.3.1/thumb/v7e-m+dp/hard\libgcc.a(_aeabi_uldivmod.o)
                0x00000000080003a0                __aeabi_uldivmod
 .text          0x00000000080003d0      0x2c8 C:/ST/STM32CubeIDE/plugins/com.st.stm32cube.ide.mcu.externaltools.gnu-tools-for-stm32.11.3.rel1.win32_1.1.100.202309141235/tools/bin/../lib/gcc/arm-none-eabi/11.3.1/thumb/v7e-m+dp/hard\libgcc.a(_udivmoddi4.o)
                0x00000000080003d0                __udivmoddi4
 .text          0x0000000008000698        0x4 C:/ST/STM32CubeIDE/plugins/com.st.stm32cube.ide.mcu.externaltools.gnu-tools-for-stm32.11.3.rel1.win32_1.1.100.202309141235/tools/bin/../lib/gcc/arm-none-eabi/11.3.1/thumb/v7e-m+dp/hard\libgcc.a(_dvmd_tls.o)
                0x0000000008000698                __aeabi_idiv0
                0x0000000008000698                __aeabi_ldiv0
 *(.text*)
 .text.main     0x000000000800069c      0x1f0 ./Core/Src/main.o
                0x000000000800069c                main
 .text.SystemClock_Config
                0x000000000800088c       0xf0 ./Core/Src/main.o
                0x000000000800088c                SystemClock_Config
 .text.MX_I2C3_Init
                0x000000000800097c       0x80 ./Core/Src/main.o
 .text.MX_USART1_UART_Init
                0x00000000080009fc       0x98 ./Core/Src/main.o
 .text.MX_GPIO_Init
                0x0000000008000a94       0xbc ./Core/Src/main.o
 .text.HAL_GPIO_EXTI_Callback
                0x0000000008000b50       0xd4 ./Core/Src/main.o
                0x0000000008000b50                HAL_GPIO_EXTI_Callback
 .text.Error_Handler
                0x0000000008000c24        0xa ./Core/Src/main.o
                0x0000000008000c24                Error_Handler
 *fill*         0x0000000008000c2e        0x2 
 .text.HAL_MspInit
                0x0000000008000c30       0x34 ./Core/Src/stm32h7xx_hal_msp.o
                0x0000000008000c30                HAL_MspInit
 .text.HAL_I2C_MspInit
                0x0000000008000c64      0x118 ./Core/Src/stm32h7xx_hal_msp.o
                0x0000000008000c64                HAL_I2C_MspInit
 .text.HAL_UART_MspInit
                0x0000000008000d7c       0xdc ./Core/Src/stm32h7xx_hal_msp.o
                0x0000000008000d7c                HAL_UART_MspInit
 .text.NMI_Handler
                0x0000000008000e58        0x6 ./Core/Src/stm32h7xx_it.o
                0x0000000008000e58                NMI_Handler
 .text.HardFault_Handler
                0x0000000008000e5e        0x6 ./Core/Src/stm32h7xx_it.o
                0x0000000008000e5e                HardFault_Handler
 .text.MemManage_Handler
                0x0000000008000e64        0x6 ./Core/Src/stm32h7xx_it.o
                0x0000000008000e64                MemManage_Handler
 .text.BusFault_Handler
                0x0000000008000e6a        0x6 ./Core/Src/stm32h7xx_it.o
                0x0000000008000e6a                BusFault_Handler
 .text.UsageFault_Handler
                0x0000000008000e70        0x6 ./Core/Src/stm32h7xx_it.o
                0x0000000008000e70                UsageFault_Handler
 .text.SVC_Handler
                0x0000000008000e76        0xe ./Core/Src/stm32h7xx_it.o
                0x0000000008000e76                SVC_Handler
 .text.DebugMon_Handler
                0x0000000008000e84        0xe ./Core/Src/stm32h7xx_it.o
                0x0000000008000e84                DebugMon_Handler
 .text.PendSV_Handler
                0x0000000008000e92        0xe ./Core/Src/stm32h7xx_it.o
                0x0000000008000e92                PendSV_Handler
 .text.SysTick_Handler
                0x0000000008000ea0        0xc ./Core/Src/stm32h7xx_it.o
                0x0000000008000ea0                SysTick_Handler
 .text.EXTI0_IRQHandler
                0x0000000008000eac        0xe ./Core/Src/stm32h7xx_it.o
                0x0000000008000eac                EXTI0_IRQHandler
 .text.EXTI2_IRQHandler
                0x0000000008000eba        0xe ./Core/Src/stm32h7xx_it.o
                0x0000000008000eba                EXTI2_IRQHandler
 .text.USART1_IRQHandler
                0x0000000008000ec8       0x14 ./Core/Src/stm32h7xx_it.o
                0x0000000008000ec8                USART1_IRQHandler
 .text._sbrk    0x0000000008000edc       0x6c ./Core/Src/sysmem.o
                0x0000000008000edc                _sbrk
 .text.SystemInit
                0x0000000008000f48       0xf0 ./Core/Src/system_stm32h7xx.o
                0x0000000008000f48                SystemInit
 .text.Reset_Handler
                0x0000000008001038       0x50 ./Core/Startup/startup_stm32h7b0vbtx.o
                0x0000000008001038                Reset_Handler
 .text.Default_Handler
                0x0000000008001088        0x2 ./Core/Startup/startup_stm32h7b0vbtx.o
                0x0000000008001088                RTC_Alarm_IRQHandler
                0x0000000008001088                HASH_RNG_IRQHandler
                0x0000000008001088                TIM8_CC_IRQHandler
                0x0000000008001088                UART8_IRQHandler
                0x0000000008001088                BDMA2_Channel1_IRQHandler
                0x0000000008001088                SPI4_IRQHandler
                0x0000000008001088                BDMA2_Channel0_IRQHandler
                0x0000000008001088                TIM1_CC_IRQHandler
                0x0000000008001088                DMA2_Stream5_IRQHandler
                0x0000000008001088                JPEG_IRQHandler
                0x0000000008001088                DMA1_Stream5_IRQHandler
                0x0000000008001088                EXTI3_IRQHandler
                0x0000000008001088                LPTIM4_IRQHandler
                0x0000000008001088                TIM8_TRG_COM_TIM14_IRQHandler
                0x0000000008001088                LPTIM2_IRQHandler
                0x0000000008001088                DFSDM1_FLT1_IRQHandler
                0x0000000008001088                DMAMUX2_OVR_IRQHandler
                0x0000000008001088                GFXMMU_IRQHandler
                0x0000000008001088                TIM8_UP_TIM13_IRQHandler
                0x0000000008001088                I2C3_ER_IRQHandler
                0x0000000008001088                DFSDM1_FLT2_IRQHandler
                0x0000000008001088                USART10_IRQHandler
                0x0000000008001088                MDMA_IRQHandler
                0x0000000008001088                LPTIM3_IRQHandler
                0x0000000008001088                BDMA2_Channel3_IRQHandler
                0x0000000008001088                HSEM1_IRQHandler
                0x0000000008001088                I2C2_EV_IRQHandler
                0x0000000008001088                DAC2_IRQHandler
                0x0000000008001088                DMA1_Stream2_IRQHandler
                0x0000000008001088                FPU_IRQHandler
                0x0000000008001088                OTG_HS_WKUP_IRQHandler
                0x0000000008001088                FDCAN1_IT1_IRQHandler
                0x0000000008001088                LTDC_ER_IRQHandler
                0x0000000008001088                DMA2_Stream2_IRQHandler
                0x0000000008001088                SPI1_IRQHandler
                0x0000000008001088                OCTOSPI1_IRQHandler
                0x0000000008001088                TIM6_DAC_IRQHandler
                0x0000000008001088                BDMA2_Channel6_IRQHandler
                0x0000000008001088                DMA2_Stream3_IRQHandler
                0x0000000008001088                OCTOSPI2_IRQHandler
                0x0000000008001088                SAI2_IRQHandler
                0x0000000008001088                BDMA1_IRQHandler
                0x0000000008001088                DFSDM1_FLT3_IRQHandler
                0x0000000008001088                USART6_IRQHandler
                0x0000000008001088                TIM17_IRQHandler
                0x0000000008001088                USART3_IRQHandler
                0x0000000008001088                CRYP_IRQHandler
                0x0000000008001088                LPTIM5_IRQHandler
                0x0000000008001088                UART5_IRQHandler
                0x0000000008001088                DMA2_Stream0_IRQHandler
                0x0000000008001088                TIM4_IRQHandler
                0x0000000008001088                I2C1_EV_IRQHandler
                0x0000000008001088                DMA1_Stream6_IRQHandler
                0x0000000008001088                DMAMUX1_OVR_IRQHandler
                0x0000000008001088                DMA1_Stream1_IRQHandler
                0x0000000008001088                TIM16_IRQHandler
                0x0000000008001088                UART4_IRQHandler
                0x0000000008001088                TIM3_IRQHandler
                0x0000000008001088                RCC_IRQHandler
                0x0000000008001088                UART9_IRQHandler
                0x0000000008001088                TIM8_BRK_TIM12_IRQHandler
                0x0000000008001088                TIM1_TRG_COM_IRQHandler
                0x0000000008001088                Default_Handler
                0x0000000008001088                ECC_IRQHandler
                0x0000000008001088                BDMA2_Channel2_IRQHandler
                0x0000000008001088                CEC_IRQHandler
                0x0000000008001088                EXTI15_10_IRQHandler
                0x0000000008001088                DFSDM1_FLT4_IRQHandler
                0x0000000008001088                ADC_IRQHandler
                0x0000000008001088                OTFDEC1_IRQHandler
                0x0000000008001088                DMA1_Stream7_IRQHandler
                0x0000000008001088                SPI5_IRQHandler
                0x0000000008001088                TIM7_IRQHandler
                0x0000000008001088                SDMMC1_IRQHandler
                0x0000000008001088                TIM5_IRQHandler
                0x0000000008001088                DMA2_Stream7_IRQHandler
                0x0000000008001088                TIM15_IRQHandler
                0x0000000008001088                I2C3_EV_IRQHandler
                0x0000000008001088                DFSDM2_IRQHandler
                0x0000000008001088                EXTI9_5_IRQHandler
                0x0000000008001088                RTC_WKUP_IRQHandler
                0x0000000008001088                LTDC_IRQHandler
                0x0000000008001088                SPDIF_RX_IRQHandler
                0x0000000008001088                PVD_PVM_IRQHandler
                0x0000000008001088                SPI2_IRQHandler
                0x0000000008001088                OTG_HS_EP1_IN_IRQHandler
                0x0000000008001088                DFSDM1_FLT5_IRQHandler
                0x0000000008001088                DMA1_Stream0_IRQHandler
                0x0000000008001088                OTFDEC2_IRQHandler
                0x0000000008001088                CRS_IRQHandler
                0x0000000008001088                EXTI4_IRQHandler
                0x0000000008001088                DFSDM1_FLT6_IRQHandler
                0x0000000008001088                FDCAN2_IT1_IRQHandler
                0x0000000008001088                COMP_IRQHandler
                0x0000000008001088                TIM1_UP_IRQHandler
                0x0000000008001088                OTG_HS_EP1_OUT_IRQHandler
                0x0000000008001088                WWDG_IRQHandler
                0x0000000008001088                SPI6_IRQHandler
                0x0000000008001088                MDIOS_IRQHandler
                0x0000000008001088                I2C4_EV_IRQHandler
                0x0000000008001088                FDCAN2_IT0_IRQHandler
                0x0000000008001088                LPUART1_IRQHandler
                0x0000000008001088                FDCAN1_IT0_IRQHandler
                0x0000000008001088                TIM2_IRQHandler
                0x0000000008001088                BDMA2_Channel5_IRQHandler
                0x0000000008001088                OTG_HS_IRQHandler
                0x0000000008001088                DMA2D_IRQHandler
                0x0000000008001088                TIM1_BRK_IRQHandler
                0x0000000008001088                EXTI1_IRQHandler
                0x0000000008001088                SDMMC2_IRQHandler
                0x0000000008001088                DTS_IRQHandler
                0x0000000008001088                UART7_IRQHandler
                0x0000000008001088                MDIOS_WKUP_IRQHandler
                0x0000000008001088                USART2_IRQHandler
                0x0000000008001088                DFSDM1_FLT0_IRQHandler
                0x0000000008001088                I2C2_ER_IRQHandler
                0x0000000008001088                DMA2_Stream1_IRQHandler
                0x0000000008001088                DFSDM1_FLT7_IRQHandler
                0x0000000008001088                FLASH_IRQHandler
                0x0000000008001088                DMA2_Stream4_IRQHandler
                0x0000000008001088                SPI3_IRQHandler
                0x0000000008001088                WAKEUP_PIN_IRQHandler
                0x0000000008001088                DMA1_Stream4_IRQHandler
                0x0000000008001088                I2C1_ER_IRQHandler
                0x0000000008001088                FMC_IRQHandler
                0x0000000008001088                BDMA2_Channel7_IRQHandler
                0x0000000008001088                FDCAN_CAL_IRQHandler
                0x0000000008001088                SWPMI1_IRQHandler
                0x0000000008001088                LPTIM1_IRQHandler
                0x0000000008001088                DCMI_PSSI_IRQHandler
                0x0000000008001088                I2C4_ER_IRQHandler
                0x0000000008001088                DMA2_Stream6_IRQHandler
                0x0000000008001088                SAI1_IRQHandler
                0x0000000008001088                DMA1_Stream3_IRQHandler
                0x0000000008001088                RTC_TAMP_STAMP_CSS_LSE_IRQHandler
                0x0000000008001088                BDMA2_Channel4_IRQHandler
 *fill*         0x000000000800108a        0x2 
 .text.HAL_Init
                0x000000000800108c       0x78 ./Drivers/STM32H7xx_HAL_Driver/Src/stm32h7xx_hal.o
                0x000000000800108c                HAL_Init
 .text.HAL_InitTick
                0x0000000008001104       0x6c ./Drivers/STM32H7xx_HAL_Driver/Src/stm32h7xx_hal.o
                0x0000000008001104                HAL_InitTick
 .text.HAL_IncTick
                0x0000000008001170       0x28 ./Drivers/STM32H7xx_HAL_Driver/Src/stm32h7xx_hal.o
                0x0000000008001170                HAL_IncTick
 .text.HAL_GetTick
                0x0000000008001198       0x18 ./Drivers/STM32H7xx_HAL_Driver/Src/stm32h7xx_hal.o
                0x0000000008001198                HAL_GetTick
 .text.__NVIC_SetPriorityGrouping
                0x00000000080011b0       0x48 ./Drivers/STM32H7xx_HAL_Driver/Src/stm32h7xx_hal_cortex.o
 .text.__NVIC_GetPriorityGrouping
                0x00000000080011f8       0x1c ./Drivers/STM32H7xx_HAL_Driver/Src/stm32h7xx_hal_cortex.o
 .text.__NVIC_EnableIRQ
                0x0000000008001214       0x3c ./Drivers/STM32H7xx_HAL_Driver/Src/stm32h7xx_hal_cortex.o
 .text.__NVIC_SetPriority
                0x0000000008001250       0x54 ./Drivers/STM32H7xx_HAL_Driver/Src/stm32h7xx_hal_cortex.o
 .text.NVIC_EncodePriority
                0x00000000080012a4       0x66 ./Drivers/STM32H7xx_HAL_Driver/Src/stm32h7xx_hal_cortex.o
 *fill*         0x000000000800130a        0x2 
 .text.SysTick_Config
                0x000000000800130c       0x44 ./Drivers/STM32H7xx_HAL_Driver/Src/stm32h7xx_hal_cortex.o
 .text.HAL_NVIC_SetPriorityGrouping
                0x0000000008001350       0x16 ./Drivers/STM32H7xx_HAL_Driver/Src/stm32h7xx_hal_cortex.o
                0x0000000008001350                HAL_NVIC_SetPriorityGrouping
 .text.HAL_NVIC_SetPriority
                0x0000000008001366       0x34 ./Drivers/STM32H7xx_HAL_Driver/Src/stm32h7xx_hal_cortex.o
                0x0000000008001366                HAL_NVIC_SetPriority
 .text.HAL_NVIC_EnableIRQ
                0x000000000800139a       0x1c ./Drivers/STM32H7xx_HAL_Driver/Src/stm32h7xx_hal_cortex.o
                0x000000000800139a                HAL_NVIC_EnableIRQ
 .text.HAL_SYSTICK_Config
                0x00000000080013b6       0x18 ./Drivers/STM32H7xx_HAL_Driver/Src/stm32h7xx_hal_cortex.o
                0x00000000080013b6                HAL_SYSTICK_Config
 *fill*         0x00000000080013ce        0x2 
 .text.HAL_DMA_Abort
                0x00000000080013d0      0x63c ./Drivers/STM32H7xx_HAL_Driver/Src/stm32h7xx_hal_dma.o
                0x00000000080013d0                HAL_DMA_Abort
 .text.HAL_DMA_Abort_IT
                0x0000000008001a0c      0x48c ./Drivers/STM32H7xx_HAL_Driver/Src/stm32h7xx_hal_dma.o
                0x0000000008001a0c                HAL_DMA_Abort_IT
 .text.HAL_GPIO_Init
                0x0000000008001e98      0x360 ./Drivers/STM32H7xx_HAL_Driver/Src/stm32h7xx_hal_gpio.o
                0x0000000008001e98                HAL_GPIO_Init
 .text.HAL_GPIO_ReadPin
                0x00000000080021f8       0x30 ./Drivers/STM32H7xx_HAL_Driver/Src/stm32h7xx_hal_gpio.o
                0x00000000080021f8                HAL_GPIO_ReadPin
 .text.HAL_GPIO_EXTI_IRQHandler
                0x0000000008002228       0x34 ./Drivers/STM32H7xx_HAL_Driver/Src/stm32h7xx_hal_gpio.o
                0x0000000008002228                HAL_GPIO_EXTI_IRQHandler
 .text.HAL_I2C_Init
                0x000000000800225c      0x120 ./Drivers/STM32H7xx_HAL_Driver/Src/stm32h7xx_hal_i2c.o
                0x000000000800225c                HAL_I2C_Init
 .text.HAL_I2C_Mem_Write
                0x000000000800237c      0x228 ./Drivers/STM32H7xx_HAL_Driver/Src/stm32h7xx_hal_i2c.o
                0x000000000800237c                HAL_I2C_Mem_Write
 .text.HAL_I2C_Mem_Read
                0x00000000080025a4      0x234 ./Drivers/STM32H7xx_HAL_Driver/Src/stm32h7xx_hal_i2c.o
                0x00000000080025a4                HAL_I2C_Mem_Read
 .text.I2C_RequestMemoryWrite
                0x00000000080027d8       0xa8 ./Drivers/STM32H7xx_HAL_Driver/Src/stm32h7xx_hal_i2c.o
 .text.I2C_RequestMemoryRead
                0x0000000008002880       0xa8 ./Drivers/STM32H7xx_HAL_Driver/Src/stm32h7xx_hal_i2c.o
 .text.I2C_Flush_TXDR
                0x0000000008002928       0x48 ./Drivers/STM32H7xx_HAL_Driver/Src/stm32h7xx_hal_i2c.o
 .text.I2C_WaitOnFlagUntilTimeout
                0x0000000008002970       0x80 ./Drivers/STM32H7xx_HAL_Driver/Src/stm32h7xx_hal_i2c.o
 .text.I2C_WaitOnTXISFlagUntilTimeout
                0x00000000080029f0       0x80 ./Drivers/STM32H7xx_HAL_Driver/Src/stm32h7xx_hal_i2c.o
 .text.I2C_WaitOnSTOPFlagUntilTimeout
                0x0000000008002a70       0x78 ./Drivers/STM32H7xx_HAL_Driver/Src/stm32h7xx_hal_i2c.o
 .text.I2C_IsErrorOccurred
                0x0000000008002ae8      0x1d8 ./Drivers/STM32H7xx_HAL_Driver/Src/stm32h7xx_hal_i2c.o
 .text.I2C_TransferConfig
                0x0000000008002cc0       0x64 ./Drivers/STM32H7xx_HAL_Driver/Src/stm32h7xx_hal_i2c.o
 .text.HAL_I2CEx_ConfigAnalogFilter
                0x0000000008002d24       0x96 ./Drivers/STM32H7xx_HAL_Driver/Src/stm32h7xx_hal_i2c_ex.o
                0x0000000008002d24                HAL_I2CEx_ConfigAnalogFilter
 .text.HAL_I2CEx_ConfigDigitalFilter
                0x0000000008002dba       0x98 ./Drivers/STM32H7xx_HAL_Driver/Src/stm32h7xx_hal_i2c_ex.o
                0x0000000008002dba                HAL_I2CEx_ConfigDigitalFilter
 *fill*         0x0000000008002e52        0x2 
 .text.HAL_PWREx_ConfigSupply
                0x0000000008002e54       0x74 ./Drivers/STM32H7xx_HAL_Driver/Src/stm32h7xx_hal_pwr_ex.o
                0x0000000008002e54                HAL_PWREx_ConfigSupply
 .text.HAL_RCC_OscConfig
                0x0000000008002ec8      0x808 ./Drivers/STM32H7xx_HAL_Driver/Src/stm32h7xx_hal_rcc.o
                0x0000000008002ec8                HAL_RCC_OscConfig
 .text.HAL_RCC_ClockConfig
                0x00000000080036d0      0x36c ./Drivers/STM32H7xx_HAL_Driver/Src/stm32h7xx_hal_rcc.o
                0x00000000080036d0                HAL_RCC_ClockConfig
 .text.HAL_RCC_GetSysClockFreq
                0x0000000008003a3c      0x2f4 ./Drivers/STM32H7xx_HAL_Driver/Src/stm32h7xx_hal_rcc.o
                0x0000000008003a3c                HAL_RCC_GetSysClockFreq
 .text.HAL_RCC_GetHCLKFreq
                0x0000000008003d30       0x60 ./Drivers/STM32H7xx_HAL_Driver/Src/stm32h7xx_hal_rcc.o
                0x0000000008003d30                HAL_RCC_GetHCLKFreq
 .text.HAL_RCC_GetPCLK1Freq
                0x0000000008003d90       0x2c ./Drivers/STM32H7xx_HAL_Driver/Src/stm32h7xx_hal_rcc.o
                0x0000000008003d90                HAL_RCC_GetPCLK1Freq
 .text.HAL_RCC_GetPCLK2Freq
                0x0000000008003dbc       0x2c ./Drivers/STM32H7xx_HAL_Driver/Src/stm32h7xx_hal_rcc.o
                0x0000000008003dbc                HAL_RCC_GetPCLK2Freq
 .text.HAL_RCCEx_PeriphCLKConfig
                0x0000000008003de8      0xe18 ./Drivers/STM32H7xx_HAL_Driver/Src/stm32h7xx_hal_rcc_ex.o
                0x0000000008003de8                HAL_RCCEx_PeriphCLKConfig
 .text.HAL_RCCEx_GetD3PCLK1Freq
                0x0000000008004c00       0x2c ./Drivers/STM32H7xx_HAL_Driver/Src/stm32h7xx_hal_rcc_ex.o
                0x0000000008004c00                HAL_RCCEx_GetD3PCLK1Freq
 .text.HAL_RCCEx_GetPLL2ClockFreq
                0x0000000008004c2c      0x2a8 ./Drivers/STM32H7xx_HAL_Driver/Src/stm32h7xx_hal_rcc_ex.o
                0x0000000008004c2c                HAL_RCCEx_GetPLL2ClockFreq
 .text.HAL_RCCEx_GetPLL3ClockFreq
                0x0000000008004ed4      0x2a8 ./Drivers/STM32H7xx_HAL_Driver/Src/stm32h7xx_hal_rcc_ex.o
                0x0000000008004ed4                HAL_RCCEx_GetPLL3ClockFreq
 .text.RCCEx_PLL2_Config
                0x000000000800517c      0x164 ./Drivers/STM32H7xx_HAL_Driver/Src/stm32h7xx_hal_rcc_ex.o
 .text.RCCEx_PLL3_Config
                0x00000000080052e0      0x164 ./Drivers/STM32H7xx_HAL_Driver/Src/stm32h7xx_hal_rcc_ex.o
 .text.HAL_UART_Init
                0x0000000008005444       0xa0 ./Drivers/STM32H7xx_HAL_Driver/Src/stm32h7xx_hal_uart.o
                0x0000000008005444                HAL_UART_Init
 .text.HAL_UART_Transmit
                0x00000000080054e4      0x12c ./Drivers/STM32H7xx_HAL_Driver/Src/stm32h7xx_hal_uart.o
                0x00000000080054e4                HAL_UART_Transmit
 .text.HAL_UART_Transmit_IT
                0x0000000008005610      0x150 ./Drivers/STM32H7xx_HAL_Driver/Src/stm32h7xx_hal_uart.o
                0x0000000008005610                HAL_UART_Transmit_IT
 .text.HAL_UART_IRQHandler
                0x0000000008005760      0x73c ./Drivers/STM32H7xx_HAL_Driver/Src/stm32h7xx_hal_uart.o
                0x0000000008005760                HAL_UART_IRQHandler
 .text.HAL_UART_TxCpltCallback
                0x0000000008005e9c       0x14 ./Drivers/STM32H7xx_HAL_Driver/Src/stm32h7xx_hal_uart.o
                0x0000000008005e9c                HAL_UART_TxCpltCallback
 .text.HAL_UART_ErrorCallback
                0x0000000008005eb0       0x14 ./Drivers/STM32H7xx_HAL_Driver/Src/stm32h7xx_hal_uart.o
                0x0000000008005eb0                HAL_UART_ErrorCallback
 .text.HAL_UARTEx_RxEventCallback
                0x0000000008005ec4       0x18 ./Drivers/STM32H7xx_HAL_Driver/Src/stm32h7xx_hal_uart.o
                0x0000000008005ec4                HAL_UARTEx_RxEventCallback
 .text.UART_SetConfig
                0x0000000008005edc      0xcd8 ./Drivers/STM32H7xx_HAL_Driver/Src/stm32h7xx_hal_uart.o
                0x0000000008005edc                UART_SetConfig
 .text.UART_AdvFeatureConfig
                0x0000000008006bb4      0x144 ./Drivers/STM32H7xx_HAL_Driver/Src/stm32h7xx_hal_uart.o
                0x0000000008006bb4                UART_AdvFeatureConfig
 .text.UART_CheckIdleState
                0x0000000008006cf8       0x96 ./Drivers/STM32H7xx_HAL_Driver/Src/stm32h7xx_hal_uart.o
                0x0000000008006cf8                UART_CheckIdleState
 .text.UART_WaitOnFlagUntilTimeout
                0x0000000008006d8e      0x190 ./Drivers/STM32H7xx_HAL_Driver/Src/stm32h7xx_hal_uart.o
                0x0000000008006d8e                UART_WaitOnFlagUntilTimeout
 *fill*         0x0000000008006f1e        0x2 
 .text.UART_EndRxTransfer
                0x0000000008006f20       0xcc ./Drivers/STM32H7xx_HAL_Driver/Src/stm32h7xx_hal_uart.o
 .text.UART_DMAAbortOnError
                0x0000000008006fec       0x2c ./Drivers/STM32H7xx_HAL_Driver/Src/stm32h7xx_hal_uart.o
 .text.UART_TxISR_8BIT
                0x0000000008007018       0xb8 ./Drivers/STM32H7xx_HAL_Driver/Src/stm32h7xx_hal_uart.o
 .text.UART_TxISR_16BIT
                0x00000000080070d0       0xc2 ./Drivers/STM32H7xx_HAL_Driver/Src/stm32h7xx_hal_uart.o
 .text.UART_TxISR_8BIT_FIFOEN
                0x0000000008007192       0xe0 ./Drivers/STM32H7xx_HAL_Driver/Src/stm32h7xx_hal_uart.o
 .text.UART_TxISR_16BIT_FIFOEN
                0x0000000008007272       0xea ./Drivers/STM32H7xx_HAL_Driver/Src/stm32h7xx_hal_uart.o
 .text.UART_EndTransmit_IT
                0x000000000800735c       0x56 ./Drivers/STM32H7xx_HAL_Driver/Src/stm32h7xx_hal_uart.o
 .text.HAL_UARTEx_WakeupCallback
                0x00000000080073b2       0x14 ./Drivers/STM32H7xx_HAL_Driver/Src/stm32h7xx_hal_uart_ex.o
                0x00000000080073b2                HAL_UARTEx_WakeupCallback
 .text.HAL_UARTEx_RxFifoFullCallback
                0x00000000080073c6       0x14 ./Drivers/STM32H7xx_HAL_Driver/Src/stm32h7xx_hal_uart_ex.o
                0x00000000080073c6                HAL_UARTEx_RxFifoFullCallback
 .text.HAL_UARTEx_TxFifoEmptyCallback
                0x00000000080073da       0x14 ./Drivers/STM32H7xx_HAL_Driver/Src/stm32h7xx_hal_uart_ex.o
                0x00000000080073da                HAL_UARTEx_TxFifoEmptyCallback
 .text.HAL_UARTEx_DisableFifoMode
                0x00000000080073ee       0x72 ./Drivers/STM32H7xx_HAL_Driver/Src/stm32h7xx_hal_uart_ex.o
                0x00000000080073ee                HAL_UARTEx_DisableFifoMode
 .text.HAL_UARTEx_SetTxFifoThreshold
                0x0000000008007460       0x7c ./Drivers/STM32H7xx_HAL_Driver/Src/stm32h7xx_hal_uart_ex.o
                0x0000000008007460                HAL_UARTEx_SetTxFifoThreshold
 .text.HAL_UARTEx_SetRxFifoThreshold
                0x00000000080074dc       0x7c ./Drivers/STM32H7xx_HAL_Driver/Src/stm32h7xx_hal_uart_ex.o
                0x00000000080074dc                HAL_UARTEx_SetRxFifoThreshold
 .text.UARTEx_SetNbDataToProcess
                0x0000000008007558       0x9c ./Drivers/STM32H7xx_HAL_Driver/Src/stm32h7xx_hal_uart_ex.o
 .text.sprintf  0x00000000080075f4       0x40 C:/ST/STM32CubeIDE/plugins/com.st.stm32cube.ide.mcu.externaltools.gnu-tools-for-stm32.11.3.rel1.win32_1.1.100.202309141235/tools/bin/../lib/gcc/arm-none-eabi/11.3.1/../../../../arm-none-eabi/lib/thumb/v7e-m+dp/hard\libc_nano.a(libc_a-sprintf.o)
                0x00000000080075f4                siprintf
                0x00000000080075f4                sprintf
 .text.memset   0x0000000008007634       0x10 C:/ST/STM32CubeIDE/plugins/com.st.stm32cube.ide.mcu.externaltools.gnu-tools-for-stm32.11.3.rel1.win32_1.1.100.202309141235/tools/bin/../lib/gcc/arm-none-eabi/11.3.1/../../../../arm-none-eabi/lib/thumb/v7e-m+dp/hard\libc_nano.a(libc_a-memset.o)
                0x0000000008007634                memset
 .text.__errno  0x0000000008007644        0xc C:/ST/STM32CubeIDE/plugins/com.st.stm32cube.ide.mcu.externaltools.gnu-tools-for-stm32.11.3.rel1.win32_1.1.100.202309141235/tools/bin/../lib/gcc/arm-none-eabi/11.3.1/../../../../arm-none-eabi/lib/thumb/v7e-m+dp/hard\libc_nano.a(libc_a-errno.o)
                0x0000000008007644                __errno
 .text.__libc_init_array
                0x0000000008007650       0x48 C:/ST/STM32CubeIDE/plugins/com.st.stm32cube.ide.mcu.externaltools.gnu-tools-for-stm32.11.3.rel1.win32_1.1.100.202309141235/tools/bin/../lib/gcc/arm-none-eabi/11.3.1/../../../../arm-none-eabi/lib/thumb/v7e-m+dp/hard\libc_nano.a(libc_a-init.o)
                0x0000000008007650                __libc_init_array
 .text.__retarget_lock_acquire_recursive
                0x0000000008007698        0x2 C:/ST/STM32CubeIDE/plugins/com.st.stm32cube.ide.mcu.externaltools.gnu-tools-for-stm32.11.3.rel1.win32_1.1.100.202309141235/tools/bin/../lib/gcc/arm-none-eabi/11.3.1/../../../../arm-none-eabi/lib/thumb/v7e-m+dp/hard\libc_nano.a(libc_a-lock.o)
                0x0000000008007698                __retarget_lock_acquire_recursive
 .text.__retarget_lock_release_recursive
                0x000000000800769a        0x2 C:/ST/STM32CubeIDE/plugins/com.st.stm32cube.ide.mcu.externaltools.gnu-tools-for-stm32.11.3.rel1.win32_1.1.100.202309141235/tools/bin/../lib/gcc/arm-none-eabi/11.3.1/../../../../arm-none-eabi/lib/thumb/v7e-m+dp/hard\libc_nano.a(libc_a-lock.o)
                0x000000000800769a                __retarget_lock_release_recursive
 .text.memcpy   0x000000000800769c       0x1c C:/ST/STM32CubeIDE/plugins/com.st.stm32cube.ide.mcu.externaltools.gnu-tools-for-stm32.11.3.rel1.win32_1.1.100.202309141235/tools/bin/../lib/gcc/arm-none-eabi/11.3.1/../../../../arm-none-eabi/lib/thumb/v7e-m+dp/hard\libc_nano.a(libc_a-memcpy-stub.o)
                0x000000000800769c                memcpy
 .text._free_r  0x00000000080076b8       0x98 C:/ST/STM32CubeIDE/plugins/com.st.stm32cube.ide.mcu.externaltools.gnu-tools-for-stm32.11.3.rel1.win32_1.1.100.202309141235/tools/bin/../lib/gcc/arm-none-eabi/11.3.1/../../../../arm-none-eabi/lib/thumb/v7e-m+dp/hard\libc_nano.a(libc_a-freer.o)
                0x00000000080076b8                _free_r
 .text.sbrk_aligned
                0x0000000008007750       0x40 C:/ST/STM32CubeIDE/plugins/com.st.stm32cube.ide.mcu.externaltools.gnu-tools-for-stm32.11.3.rel1.win32_1.1.100.202309141235/tools/bin/../lib/gcc/arm-none-eabi/11.3.1/../../../../arm-none-eabi/lib/thumb/v7e-m+dp/hard\libc_nano.a(libc_a-mallocr.o)
 .text._malloc_r
                0x0000000008007790      0x100 C:/ST/STM32CubeIDE/plugins/com.st.stm32cube.ide.mcu.externaltools.gnu-tools-for-stm32.11.3.rel1.win32_1.1.100.202309141235/tools/bin/../lib/gcc/arm-none-eabi/11.3.1/../../../../arm-none-eabi/lib/thumb/v7e-m+dp/hard\libc_nano.a(libc_a-mallocr.o)
                0x0000000008007790                _malloc_r
 .text.__malloc_lock
                0x0000000008007890        0xc C:/ST/STM32CubeIDE/plugins/com.st.stm32cube.ide.mcu.externaltools.gnu-tools-for-stm32.11.3.rel1.win32_1.1.100.202309141235/tools/bin/../lib/gcc/arm-none-eabi/11.3.1/../../../../arm-none-eabi/lib/thumb/v7e-m+dp/hard\libc_nano.a(libc_a-mlock.o)
                0x0000000008007890                __malloc_lock
 .text.__malloc_unlock
                0x000000000800789c        0xc C:/ST/STM32CubeIDE/plugins/com.st.stm32cube.ide.mcu.externaltools.gnu-tools-for-stm32.11.3.rel1.win32_1.1.100.202309141235/tools/bin/../lib/gcc/arm-none-eabi/11.3.1/../../../../arm-none-eabi/lib/thumb/v7e-m+dp/hard\libc_nano.a(libc_a-mlock.o)
                0x000000000800789c                __malloc_unlock
 .text.__ssputs_r
                0x00000000080078a8       0xb4 C:/ST/STM32CubeIDE/plugins/com.st.stm32cube.ide.mcu.externaltools.gnu-tools-for-stm32.11.3.rel1.win32_1.1.100.202309141235/tools/bin/../lib/gcc/arm-none-eabi/11.3.1/../../../../arm-none-eabi/lib/thumb/v7e-m+dp/hard\libc_nano.a(libc_a-nano-svfprintf.o)
                0x00000000080078a8                __ssputs_r
 .text._svfprintf_r
                0x000000000800795c      0x1fc C:/ST/STM32CubeIDE/plugins/com.st.stm32cube.ide.mcu.externaltools.gnu-tools-for-stm32.11.3.rel1.win32_1.1.100.202309141235/tools/bin/../lib/gcc/arm-none-eabi/11.3.1/../../../../arm-none-eabi/lib/thumb/v7e-m+dp/hard\libc_nano.a(libc_a-nano-svfprintf.o)
                0x000000000800795c                _svfiprintf_r
                0x000000000800795c                _svfprintf_r
 .text._printf_common
                0x0000000008007b58       0xda C:/ST/STM32CubeIDE/plugins/com.st.stm32cube.ide.mcu.externaltools.gnu-tools-for-stm32.11.3.rel1.win32_1.1.100.202309141235/tools/bin/../lib/gcc/arm-none-eabi/11.3.1/../../../../arm-none-eabi/lib/thumb/v7e-m+dp/hard\libc_nano.a(libc_a-nano-vfprintf_i.o)
                0x0000000008007b58                _printf_common
 *fill*         0x0000000008007c32        0x2 
 .text._printf_i
                0x0000000008007c34      0x244 C:/ST/STM32CubeIDE/plugins/com.st.stm32cube.ide.mcu.externaltools.gnu-tools-for-stm32.11.3.rel1.win32_1.1.100.202309141235/tools/bin/../lib/gcc/arm-none-eabi/11.3.1/../../../../arm-none-eabi/lib/thumb/v7e-m+dp/hard\libc_nano.a(libc_a-nano-vfprintf_i.o)
                0x0000000008007c34                _printf_i
 .text.memmove  0x0000000008007e78       0x34 C:/ST/STM32CubeIDE/plugins/com.st.stm32cube.ide.mcu.externaltools.gnu-tools-for-stm32.11.3.rel1.win32_1.1.100.202309141235/tools/bin/../lib/gcc/arm-none-eabi/11.3.1/../../../../arm-none-eabi/lib/thumb/v7e-m+dp/hard\libc_nano.a(libc_a-memmove.o)
                0x0000000008007e78                memmove
 .text._sbrk_r  0x0000000008007eac       0x20 C:/ST/STM32CubeIDE/plugins/com.st.stm32cube.ide.mcu.externaltools.gnu-tools-for-stm32.11.3.rel1.win32_1.1.100.202309141235/tools/bin/../lib/gcc/arm-none-eabi/11.3.1/../../../../arm-none-eabi/lib/thumb/v7e-m+dp/hard\libc_nano.a(libc_a-sbrkr.o)
                0x0000000008007eac                _sbrk_r
 .text._realloc_r
                0x0000000008007ecc       0x5e C:/ST/STM32CubeIDE/plugins/com.st.stm32cube.ide.mcu.externaltools.gnu-tools-for-stm32.11.3.rel1.win32_1.1.100.202309141235/tools/bin/../lib/gcc/arm-none-eabi/11.3.1/../../../../arm-none-eabi/lib/thumb/v7e-m+dp/hard\libc_nano.a(libc_a-reallocr.o)
                0x0000000008007ecc                _realloc_r
 .text._malloc_usable_size_r
                0x0000000008007f2a       0x10 C:/ST/STM32CubeIDE/plugins/com.st.stm32cube.ide.mcu.externaltools.gnu-tools-for-stm32.11.3.rel1.win32_1.1.100.202309141235/tools/bin/../lib/gcc/arm-none-eabi/11.3.1/../../../../arm-none-eabi/lib/thumb/v7e-m+dp/hard\libc_nano.a(libc_a-msizer.o)
                0x0000000008007f2a                _malloc_usable_size_r
 *(.glue_7)
 .glue_7        0x0000000008007f3a        0x0 linker stubs
 *(.glue_7t)
 .glue_7t       0x0000000008007f3a        0x0 linker stubs
 *(.eh_frame)
 *fill*         0x0000000008007f3a        0x2 
 .eh_frame      0x0000000008007f3c        0x0 C:/ST/STM32CubeIDE/plugins/com.st.stm32cube.ide.mcu.externaltools.gnu-tools-for-stm32.11.3.rel1.win32_1.1.100.202309141235/tools/bin/../lib/gcc/arm-none-eabi/11.3.1/thumb/v7e-m+dp/hard/crtbegin.o
 *(.init)
 .init          0x0000000008007f3c        0x4 C:/ST/STM32CubeIDE/plugins/com.st.stm32cube.ide.mcu.externaltools.gnu-tools-for-stm32.11.3.rel1.win32_1.1.100.202309141235/tools/bin/../lib/gcc/arm-none-eabi/11.3.1/thumb/v7e-m+dp/hard/crti.o
                0x0000000008007f3c                _init
 .init          0x0000000008007f40        0x8 C:/ST/STM32CubeIDE/plugins/com.st.stm32cube.ide.mcu.externaltools.gnu-tools-for-stm32.11.3.rel1.win32_1.1.100.202309141235/tools/bin/../lib/gcc/arm-none-eabi/11.3.1/thumb/v7e-m+dp/hard/crtn.o
 *(.fini)
 .fini          0x0000000008007f48        0x4 C:/ST/STM32CubeIDE/plugins/com.st.stm32cube.ide.mcu.externaltools.gnu-tools-for-stm32.11.3.rel1.win32_1.1.100.202309141235/tools/bin/../lib/gcc/arm-none-eabi/11.3.1/thumb/v7e-m+dp/hard/crti.o
                0x0000000008007f48                _fini
 .fini          0x0000000008007f4c        0x8 C:/ST/STM32CubeIDE/plugins/com.st.stm32cube.ide.mcu.externaltools.gnu-tools-for-stm32.11.3.rel1.win32_1.1.100.202309141235/tools/bin/../lib/gcc/arm-none-eabi/11.3.1/thumb/v7e-m+dp/hard/crtn.o
                0x0000000008007f54                . = ALIGN (0x4)
                0x0000000008007f54                _etext = .

.vfp11_veneer   0x0000000008007f54        0x0
 .vfp11_veneer  0x0000000008007f54        0x0 linker stubs

.v4_bx          0x0000000008007f54        0x0
 .v4_bx         0x0000000008007f54        0x0 linker stubs

.iplt           0x0000000008007f54        0x0
 .iplt          0x0000000008007f54        0x0 C:/ST/STM32CubeIDE/plugins/com.st.stm32cube.ide.mcu.externaltools.gnu-tools-for-stm32.11.3.rel1.win32_1.1.100.202309141235/tools/bin/../lib/gcc/arm-none-eabi/11.3.1/thumb/v7e-m+dp/hard/crtbegin.o

.rodata         0x0000000008007f54      0x254
                0x0000000008007f54                . = ALIGN (0x4)
 *(.rodata)
 .rodata        0x0000000008007f54      0x1e8 ./Core/Src/main.o
 *(.rodata*)
 .rodata.D1CorePrescTable
                0x000000000800813c       0x10 ./Core/Src/system_stm32h7xx.o
                0x000000000800813c                D1CorePrescTable
 .rodata.UARTPrescTable
                0x000000000800814c       0x18 ./Drivers/STM32H7xx_HAL_Driver/Src/stm32h7xx_hal_uart.o
                0x000000000800814c                UARTPrescTable
 .rodata.numerator.1
                0x0000000008008164        0x8 ./Drivers/STM32H7xx_HAL_Driver/Src/stm32h7xx_hal_uart_ex.o
 .rodata.denominator.0
                0x000000000800816c        0x8 ./Drivers/STM32H7xx_HAL_Driver/Src/stm32h7xx_hal_uart_ex.o
 .rodata._svfprintf_r.str1.1
                0x0000000008008174       0x11 C:/ST/STM32CubeIDE/plugins/com.st.stm32cube.ide.mcu.externaltools.gnu-tools-for-stm32.11.3.rel1.win32_1.1.100.202309141235/tools/bin/../lib/gcc/arm-none-eabi/11.3.1/../../../../arm-none-eabi/lib/thumb/v7e-m+dp/hard\libc_nano.a(libc_a-nano-svfprintf.o)
 .rodata._printf_i.str1.1
                0x0000000008008185       0x22 C:/ST/STM32CubeIDE/plugins/com.st.stm32cube.ide.mcu.externaltools.gnu-tools-for-stm32.11.3.rel1.win32_1.1.100.202309141235/tools/bin/../lib/gcc/arm-none-eabi/11.3.1/../../../../arm-none-eabi/lib/thumb/v7e-m+dp/hard\libc_nano.a(libc_a-nano-vfprintf_i.o)
                0x00000000080081a8                . = ALIGN (0x4)
 *fill*         0x00000000080081a7        0x1 

.ARM.extab
 *(.ARM.extab* .gnu.linkonce.armextab.*)

.ARM            0x00000000080081a8        0x8
                0x00000000080081a8                __exidx_start = .
 *(.ARM.exidx*)
 .ARM.exidx     0x00000000080081a8        0x8 C:/ST/STM32CubeIDE/plugins/com.st.stm32cube.ide.mcu.externaltools.gnu-tools-for-stm32.11.3.rel1.win32_1.1.100.202309141235/tools/bin/../lib/gcc/arm-none-eabi/11.3.1/thumb/v7e-m+dp/hard\libgcc.a(_udivmoddi4.o)
                0x00000000080081b0                __exidx_end = .

.rel.dyn        0x00000000080081b0        0x0
 .rel.iplt      0x00000000080081b0        0x0 C:/ST/STM32CubeIDE/plugins/com.st.stm32cube.ide.mcu.externaltools.gnu-tools-for-stm32.11.3.rel1.win32_1.1.100.202309141235/tools/bin/../lib/gcc/arm-none-eabi/11.3.1/thumb/v7e-m+dp/hard/crtbegin.o

.preinit_array  0x00000000080081b0        0x0
                0x00000000080081b0                PROVIDE (__preinit_array_start = .)
 *(.preinit_array*)
                0x00000000080081b0                PROVIDE (__preinit_array_end = .)

.init_array     0x00000000080081b0        0x4
                0x00000000080081b0                PROVIDE (__init_array_start = .)
 *(SORT_BY_NAME(.init_array.*))
 *(.init_array*)
 .init_array    0x00000000080081b0        0x4 C:/ST/STM32CubeIDE/plugins/com.st.stm32cube.ide.mcu.externaltools.gnu-tools-for-stm32.11.3.rel1.win32_1.1.100.202309141235/tools/bin/../lib/gcc/arm-none-eabi/11.3.1/thumb/v7e-m+dp/hard/crtbegin.o
                0x00000000080081b4                PROVIDE (__init_array_end = .)

.fini_array     0x00000000080081b4        0x4
                [!provide]                        PROVIDE (__fini_array_start = .)
 *(SORT_BY_NAME(.fini_array.*))
 *(.fini_array*)
 .fini_array    0x00000000080081b4        0x4 C:/ST/STM32CubeIDE/plugins/com.st.stm32cube.ide.mcu.externaltools.gnu-tools-for-stm32.11.3.rel1.win32_1.1.100.202309141235/tools/bin/../lib/gcc/arm-none-eabi/11.3.1/thumb/v7e-m+dp/hard/crtbegin.o
                [!provide]                        PROVIDE (__fini_array_end = .)
                0x00000000080081b8                _sidata = LOADADDR (.data)

.data           0x0000000024000000       0x64 load address 0x00000000080081b8
                0x0000000024000000                . = ALIGN (0x4)
                0x0000000024000000                _sdata = .
 *(.data)
 *(.data*)
 .data.count    0x0000000024000000        0x2 ./Core/Src/main.o
                0x0000000024000000                count
 .data.prev_B.2
                0x0000000024000002        0x1 ./Core/Src/main.o
 .data.prev_A.0
                0x0000000024000003        0x1 ./Core/Src/main.o
 .data.SystemCoreClock
                0x0000000024000004        0x4 ./Core/Src/system_stm32h7xx.o
                0x0000000024000004                SystemCoreClock
 .data.SystemD2Clock
                0x0000000024000008        0x4 ./Core/Src/system_stm32h7xx.o
                0x0000000024000008                SystemD2Clock
 .data.uwTickPrio
                0x000000002400000c        0x4 ./Drivers/STM32H7xx_HAL_Driver/Src/stm32h7xx_hal.o
                0x000000002400000c                uwTickPrio
 .data.uwTickFreq
                0x0000000024000010        0x1 ./Drivers/STM32H7xx_HAL_Driver/Src/stm32h7xx_hal.o
                0x0000000024000010                uwTickFreq
 *fill*         0x0000000024000011        0x3 
 .data._impure_data
                0x0000000024000014       0x4c C:/ST/STM32CubeIDE/plugins/com.st.stm32cube.ide.mcu.externaltools.gnu-tools-for-stm32.11.3.rel1.win32_1.1.100.202309141235/tools/bin/../lib/gcc/arm-none-eabi/11.3.1/../../../../arm-none-eabi/lib/thumb/v7e-m+dp/hard\libc_nano.a(libc_a-impure.o)
                0x0000000024000014                _impure_data
 .data._impure_ptr
                0x0000000024000060        0x4 C:/ST/STM32CubeIDE/plugins/com.st.stm32cube.ide.mcu.externaltools.gnu-tools-for-stm32.11.3.rel1.win32_1.1.100.202309141235/tools/bin/../lib/gcc/arm-none-eabi/11.3.1/../../../../arm-none-eabi/lib/thumb/v7e-m+dp/hard\libc_nano.a(libc_a-impure.o)
                0x0000000024000060                _impure_ptr
 *(.RamFunc)
 *(.RamFunc*)
                0x0000000024000064                . = ALIGN (0x4)
                0x0000000024000064                _edata = .

.igot.plt       0x0000000024000064        0x0 load address 0x000000000800821c
 .igot.plt      0x0000000024000064        0x0 C:/ST/STM32CubeIDE/plugins/com.st.stm32cube.ide.mcu.externaltools.gnu-tools-for-stm32.11.3.rel1.win32_1.1.100.202309141235/tools/bin/../lib/gcc/arm-none-eabi/11.3.1/thumb/v7e-m+dp/hard/crtbegin.o
                0x0000000024000064                . = ALIGN (0x4)

.bss            0x0000000024000064      0x268 load address 0x000000000800821c
                0x0000000024000064                _sbss = .
                0x0000000024000064                __bss_start__ = _sbss
 *(.bss)
 .bss           0x0000000024000064       0x1c C:/ST/STM32CubeIDE/plugins/com.st.stm32cube.ide.mcu.externaltools.gnu-tools-for-stm32.11.3.rel1.win32_1.1.100.202309141235/tools/bin/../lib/gcc/arm-none-eabi/11.3.1/thumb/v7e-m+dp/hard/crtbegin.o
 *(.bss*)
 .bss.hi2c3     0x0000000024000080       0x4c ./Core/Src/main.o
                0x0000000024000080                hi2c3
 .bss.huart1    0x00000000240000cc       0x90 ./Core/Src/main.o
                0x00000000240000cc                huart1
 .bss.send_usart
                0x000000002400015c        0x1 ./Core/Src/main.o
                0x000000002400015c                send_usart
 *fill*         0x000000002400015d        0x3 
 .bss.buf       0x0000000024000160       0x19 ./Core/Src/main.o
                0x0000000024000160                buf
 .bss.B.3       0x0000000024000179        0x1 ./Core/Src/main.o
 .bss.A.1       0x000000002400017a        0x1 ./Core/Src/main.o
 *fill*         0x000000002400017b        0x1 
 .bss.__sbrk_heap_end
                0x000000002400017c        0x4 ./Core/Src/sysmem.o
 .bss.uwTick    0x0000000024000180        0x4 ./Drivers/STM32H7xx_HAL_Driver/Src/stm32h7xx_hal.o
                0x0000000024000180                uwTick
 .bss.__sf      0x0000000024000184      0x138 C:/ST/STM32CubeIDE/plugins/com.st.stm32cube.ide.mcu.externaltools.gnu-tools-for-stm32.11.3.rel1.win32_1.1.100.202309141235/tools/bin/../lib/gcc/arm-none-eabi/11.3.1/../../../../arm-none-eabi/lib/thumb/v7e-m+dp/hard\libc_nano.a(libc_a-findfp.o)
                0x0000000024000184                __sf
 .bss.errno     0x00000000240002bc        0x4 C:/ST/STM32CubeIDE/plugins/com.st.stm32cube.ide.mcu.externaltools.gnu-tools-for-stm32.11.3.rel1.win32_1.1.100.202309141235/tools/bin/../lib/gcc/arm-none-eabi/11.3.1/../../../../arm-none-eabi/lib/thumb/v7e-m+dp/hard\libc_nano.a(libc_a-reent.o)
                0x00000000240002bc                errno
 .bss.__lock___malloc_recursive_mutex
                0x00000000240002c0        0x1 C:/ST/STM32CubeIDE/plugins/com.st.stm32cube.ide.mcu.externaltools.gnu-tools-for-stm32.11.3.rel1.win32_1.1.100.202309141235/tools/bin/../lib/gcc/arm-none-eabi/11.3.1/../../../../arm-none-eabi/lib/thumb/v7e-m+dp/hard\libc_nano.a(libc_a-lock.o)
                0x00000000240002c0                __lock___malloc_recursive_mutex
 *fill*         0x00000000240002c1        0x3 
 .bss.__malloc_free_list
                0x00000000240002c4        0x4 C:/ST/STM32CubeIDE/plugins/com.st.stm32cube.ide.mcu.externaltools.gnu-tools-for-stm32.11.3.rel1.win32_1.1.100.202309141235/tools/bin/../lib/gcc/arm-none-eabi/11.3.1/../../../../arm-none-eabi/lib/thumb/v7e-m+dp/hard\libc_nano.a(libc_a-mallocr.o)
                0x00000000240002c4                __malloc_free_list
 .bss.__malloc_sbrk_start
                0x00000000240002c8        0x4 C:/ST/STM32CubeIDE/plugins/com.st.stm32cube.ide.mcu.externaltools.gnu-tools-for-stm32.11.3.rel1.win32_1.1.100.202309141235/tools/bin/../lib/gcc/arm-none-eabi/11.3.1/../../../../arm-none-eabi/lib/thumb/v7e-m+dp/hard\libc_nano.a(libc_a-mallocr.o)
                0x00000000240002c8                __malloc_sbrk_start
 *(COMMON)
                0x00000000240002cc                . = ALIGN (0x4)
                0x00000000240002cc                _ebss = .
                0x00000000240002cc                __bss_end__ = _ebss

._user_heap_stack
                0x00000000240002cc      0x604 load address 0x000000000800821c
                0x00000000240002d0                . = ALIGN (0x8)
 *fill*         0x00000000240002cc        0x4 
                [!provide]                        PROVIDE (end = .)
                0x00000000240002d0                PROVIDE (_end = .)
                0x00000000240004d0                . = (. + _Min_Heap_Size)
 *fill*         0x00000000240002d0      0x200 
                0x00000000240008d0                . = (. + _Min_Stack_Size)
 *fill*         0x00000000240004d0      0x400 
                0x00000000240008d0                . = ALIGN (0x8)

/DISCARD/
 libc.a(*)
 libm.a(*)
 libgcc.a(*)

.ARM.attributes
                0x0000000000000000       0x2e
 *(.ARM.attributes)
 .ARM.attributes
                0x0000000000000000       0x1e C:/ST/STM32CubeIDE/plugins/com.st.stm32cube.ide.mcu.externaltools.gnu-tools-for-stm32.11.3.rel1.win32_1.1.100.202309141235/tools/bin/../lib/gcc/arm-none-eabi/11.3.1/thumb/v7e-m+dp/hard/crti.o
 .ARM.attributes
                0x000000000000001e       0x32 C:/ST/STM32CubeIDE/plugins/com.st.stm32cube.ide.mcu.externaltools.gnu-tools-for-stm32.11.3.rel1.win32_1.1.100.202309141235/tools/bin/../lib/gcc/arm-none-eabi/11.3.1/thumb/v7e-m+dp/hard/crtbegin.o
 .ARM.attributes
                0x0000000000000050       0x32 ./Core/Src/main.o
 .ARM.attributes
                0x0000000000000082       0x32 ./Core/Src/stm32h7xx_hal_msp.o
 .ARM.attributes
                0x00000000000000b4       0x32 ./Core/Src/stm32h7xx_it.o
 .ARM.attributes
                0x00000000000000e6       0x32 ./Core/Src/sysmem.o
 .ARM.attributes
                0x0000000000000118       0x32 ./Core/Src/system_stm32h7xx.o
 .ARM.attributes
                0x000000000000014a       0x21 ./Core/Startup/startup_stm32h7b0vbtx.o
 .ARM.attributes
                0x000000000000016b       0x32 ./Drivers/STM32H7xx_HAL_Driver/Src/stm32h7xx_hal.o
 .ARM.attributes
                0x000000000000019d       0x32 ./Drivers/STM32H7xx_HAL_Driver/Src/stm32h7xx_hal_cortex.o
 .ARM.attributes
                0x00000000000001cf       0x32 ./Drivers/STM32H7xx_HAL_Driver/Src/stm32h7xx_hal_dma.o
 .ARM.attributes
                0x0000000000000201       0x32 ./Drivers/STM32H7xx_HAL_Driver/Src/stm32h7xx_hal_gpio.o
 .ARM.attributes
                0x0000000000000233       0x32 ./Drivers/STM32H7xx_HAL_Driver/Src/stm32h7xx_hal_i2c.o
 .ARM.attributes
                0x0000000000000265       0x32 ./Drivers/STM32H7xx_HAL_Driver/Src/stm32h7xx_hal_i2c_ex.o
 .ARM.attributes
                0x0000000000000297       0x32 ./Drivers/STM32H7xx_HAL_Driver/Src/stm32h7xx_hal_pwr_ex.o
 .ARM.attributes
                0x00000000000002c9       0x32 ./Drivers/STM32H7xx_HAL_Driver/Src/stm32h7xx_hal_rcc.o
 .ARM.attributes
                0x00000000000002fb       0x32 ./Drivers/STM32H7xx_HAL_Driver/Src/stm32h7xx_hal_rcc_ex.o
 .ARM.attributes
                0x000000000000032d       0x32 ./Drivers/STM32H7xx_HAL_Driver/Src/stm32h7xx_hal_uart.o
 .ARM.attributes
                0x000000000000035f       0x32 ./Drivers/STM32H7xx_HAL_Driver/Src/stm32h7xx_hal_uart_ex.o
 .ARM.attributes
                0x0000000000000391       0x32 C:/ST/STM32CubeIDE/plugins/com.st.stm32cube.ide.mcu.externaltools.gnu-tools-for-stm32.11.3.rel1.win32_1.1.100.202309141235/tools/bin/../lib/gcc/arm-none-eabi/11.3.1/../../../../arm-none-eabi/lib/thumb/v7e-m+dp/hard\libc_nano.a(libc_a-findfp.o)
 .ARM.attributes
                0x00000000000003c3       0x32 C:/ST/STM32CubeIDE/plugins/com.st.stm32cube.ide.mcu.externaltools.gnu-tools-for-stm32.11.3.rel1.win32_1.1.100.202309141235/tools/bin/../lib/gcc/arm-none-eabi/11.3.1/../../../../arm-none-eabi/lib/thumb/v7e-m+dp/hard\libc_nano.a(libc_a-sprintf.o)
 .ARM.attributes
                0x00000000000003f5       0x32 C:/ST/STM32CubeIDE/plugins/com.st.stm32cube.ide.mcu.externaltools.gnu-tools-for-stm32.11.3.rel1.win32_1.1.100.202309141235/tools/bin/../lib/gcc/arm-none-eabi/11.3.1/../../../../arm-none-eabi/lib/thumb/v7e-m+dp/hard\libc_nano.a(libc_a-memset.o)
 .ARM.attributes
                0x0000000000000427       0x32 C:/ST/STM32CubeIDE/plugins/com.st.stm32cube.ide.mcu.externaltools.gnu-tools-for-stm32.11.3.rel1.win32_1.1.100.202309141235/tools/bin/../lib/gcc/arm-none-eabi/11.3.1/../../../../arm-none-eabi/lib/thumb/v7e-m+dp/hard\libc_nano.a(libc_a-reent.o)
 .ARM.attributes
                0x0000000000000459       0x32 C:/ST/STM32CubeIDE/plugins/com.st.stm32cube.ide.mcu.externaltools.gnu-tools-for-stm32.11.3.rel1.win32_1.1.100.202309141235/tools/bin/../lib/gcc/arm-none-eabi/11.3.1/../../../../arm-none-eabi/lib/thumb/v7e-m+dp/hard\libc_nano.a(libc_a-impure.o)
 .ARM.attributes
                0x000000000000048b       0x32 C:/ST/STM32CubeIDE/plugins/com.st.stm32cube.ide.mcu.externaltools.gnu-tools-for-stm32.11.3.rel1.win32_1.1.100.202309141235/tools/bin/../lib/gcc/arm-none-eabi/11.3.1/../../../../arm-none-eabi/lib/thumb/v7e-m+dp/hard\libc_nano.a(libc_a-errno.o)
 .ARM.attributes
                0x00000000000004bd       0x32 C:/ST/STM32CubeIDE/plugins/com.st.stm32cube.ide.mcu.externaltools.gnu-tools-for-stm32.11.3.rel1.win32_1.1.100.202309141235/tools/bin/../lib/gcc/arm-none-eabi/11.3.1/../../../../arm-none-eabi/lib/thumb/v7e-m+dp/hard\libc_nano.a(libc_a-init.o)
 .ARM.attributes
                0x00000000000004ef       0x32 C:/ST/STM32CubeIDE/plugins/com.st.stm32cube.ide.mcu.externaltools.gnu-tools-for-stm32.11.3.rel1.win32_1.1.100.202309141235/tools/bin/../lib/gcc/arm-none-eabi/11.3.1/../../../../arm-none-eabi/lib/thumb/v7e-m+dp/hard\libc_nano.a(libc_a-lock.o)
 .ARM.attributes
                0x0000000000000521       0x32 C:/ST/STM32CubeIDE/plugins/com.st.stm32cube.ide.mcu.externaltools.gnu-tools-for-stm32.11.3.rel1.win32_1.1.100.202309141235/tools/bin/../lib/gcc/arm-none-eabi/11.3.1/../../../../arm-none-eabi/lib/thumb/v7e-m+dp/hard\libc_nano.a(libc_a-memcpy-stub.o)
 .ARM.attributes
                0x0000000000000553       0x17 C:/ST/STM32CubeIDE/plugins/com.st.stm32cube.ide.mcu.externaltools.gnu-tools-for-stm32.11.3.rel1.win32_1.1.100.202309141235/tools/bin/../lib/gcc/arm-none-eabi/11.3.1/../../../../arm-none-eabi/lib/thumb/v7e-m+dp/hard\libc_nano.a(libc_a-strlen.o)
 .ARM.attributes
                0x000000000000056a       0x32 C:/ST/STM32CubeIDE/plugins/com.st.stm32cube.ide.mcu.externaltools.gnu-tools-for-stm32.11.3.rel1.win32_1.1.100.202309141235/tools/bin/../lib/gcc/arm-none-eabi/11.3.1/../../../../arm-none-eabi/lib/thumb/v7e-m+dp/hard\libc_nano.a(libc_a-freer.o)
 .ARM.attributes
                0x000000000000059c       0x32 C:/ST/STM32CubeIDE/plugins/com.st.stm32cube.ide.mcu.externaltools.gnu-tools-for-stm32.11.3.rel1.win32_1.1.100.202309141235/tools/bin/../lib/gcc/arm-none-eabi/11.3.1/../../../../arm-none-eabi/lib/thumb/v7e-m+dp/hard\libc_nano.a(libc_a-mallocr.o)
 .ARM.attributes
                0x00000000000005ce       0x32 C:/ST/STM32CubeIDE/plugins/com.st.stm32cube.ide.mcu.externaltools.gnu-tools-for-stm32.11.3.rel1.win32_1.1.100.202309141235/tools/bin/../lib/gcc/arm-none-eabi/11.3.1/../../../../arm-none-eabi/lib/thumb/v7e-m+dp/hard\libc_nano.a(libc_a-mlock.o)
 .ARM.attributes
                0x0000000000000600       0x32 C:/ST/STM32CubeIDE/plugins/com.st.stm32cube.ide.mcu.externaltools.gnu-tools-for-stm32.11.3.rel1.win32_1.1.100.202309141235/tools/bin/../lib/gcc/arm-none-eabi/11.3.1/../../../../arm-none-eabi/lib/thumb/v7e-m+dp/hard\libc_nano.a(libc_a-nano-svfprintf.o)
 .ARM.attributes
                0x0000000000000632       0x32 C:/ST/STM32CubeIDE/plugins/com.st.stm32cube.ide.mcu.externaltools.gnu-tools-for-stm32.11.3.rel1.win32_1.1.100.202309141235/tools/bin/../lib/gcc/arm-none-eabi/11.3.1/../../../../arm-none-eabi/lib/thumb/v7e-m+dp/hard\libc_nano.a(libc_a-nano-vfprintf_i.o)
 .ARM.attributes
                0x0000000000000664       0x32 C:/ST/STM32CubeIDE/plugins/com.st.stm32cube.ide.mcu.externaltools.gnu-tools-for-stm32.11.3.rel1.win32_1.1.100.202309141235/tools/bin/../lib/gcc/arm-none-eabi/11.3.1/../../../../arm-none-eabi/lib/thumb/v7e-m+dp/hard\libc_nano.a(libc_a-memmove.o)
 .ARM.attributes
                0x0000000000000696       0x32 C:/ST/STM32CubeIDE/plugins/com.st.stm32cube.ide.mcu.externaltools.gnu-tools-for-stm32.11.3.rel1.win32_1.1.100.202309141235/tools/bin/../lib/gcc/arm-none-eabi/11.3.1/../../../../arm-none-eabi/lib/thumb/v7e-m+dp/hard\libc_nano.a(libc_a-sbrkr.o)
 .ARM.attributes
                0x00000000000006c8       0x1c C:/ST/STM32CubeIDE/plugins/com.st.stm32cube.ide.mcu.externaltools.gnu-tools-for-stm32.11.3.rel1.win32_1.1.100.202309141235/tools/bin/../lib/gcc/arm-none-eabi/11.3.1/../../../../arm-none-eabi/lib/thumb/v7e-m+dp/hard\libc_nano.a(libc_a-memchr.o)
 .ARM.attributes
                0x00000000000006e4       0x32 C:/ST/STM32CubeIDE/plugins/com.st.stm32cube.ide.mcu.externaltools.gnu-tools-for-stm32.11.3.rel1.win32_1.1.100.202309141235/tools/bin/../lib/gcc/arm-none-eabi/11.3.1/../../../../arm-none-eabi/lib/thumb/v7e-m+dp/hard\libc_nano.a(libc_a-reallocr.o)
 .ARM.attributes
                0x0000000000000716       0x32 C:/ST/STM32CubeIDE/plugins/com.st.stm32cube.ide.mcu.externaltools.gnu-tools-for-stm32.11.3.rel1.win32_1.1.100.202309141235/tools/bin/../lib/gcc/arm-none-eabi/11.3.1/../../../../arm-none-eabi/lib/thumb/v7e-m+dp/hard\libc_nano.a(libc_a-msizer.o)
 .ARM.attributes
                0x0000000000000748       0x1e C:/ST/STM32CubeIDE/plugins/com.st.stm32cube.ide.mcu.externaltools.gnu-tools-for-stm32.11.3.rel1.win32_1.1.100.202309141235/tools/bin/../lib/gcc/arm-none-eabi/11.3.1/thumb/v7e-m+dp/hard\libgcc.a(_aeabi_uldivmod.o)
 .ARM.attributes
                0x0000000000000766       0x32 C:/ST/STM32CubeIDE/plugins/com.st.stm32cube.ide.mcu.externaltools.gnu-tools-for-stm32.11.3.rel1.win32_1.1.100.202309141235/tools/bin/../lib/gcc/arm-none-eabi/11.3.1/thumb/v7e-m+dp/hard\libgcc.a(_udivmoddi4.o)
 .ARM.attributes
                0x0000000000000798       0x1e C:/ST/STM32CubeIDE/plugins/com.st.stm32cube.ide.mcu.externaltools.gnu-tools-for-stm32.11.3.rel1.win32_1.1.100.202309141235/tools/bin/../lib/gcc/arm-none-eabi/11.3.1/thumb/v7e-m+dp/hard\libgcc.a(_dvmd_tls.o)
 .ARM.attributes
                0x00000000000007b6       0x1e C:/ST/STM32CubeIDE/plugins/com.st.stm32cube.ide.mcu.externaltools.gnu-tools-for-stm32.11.3.rel1.win32_1.1.100.202309141235/tools/bin/../lib/gcc/arm-none-eabi/11.3.1/thumb/v7e-m+dp/hard/crtn.o
OUTPUT(enc_and_i2c.elf elf32-littlearm)
LOAD linker stubs
LOAD C:/ST/STM32CubeIDE/plugins/com.st.stm32cube.ide.mcu.externaltools.gnu-tools-for-stm32.11.3.rel1.win32_1.1.100.202309141235/tools/bin/../lib/gcc/arm-none-eabi/11.3.1/../../../../arm-none-eabi/lib/thumb/v7e-m+dp/hard\libc.a
LOAD C:/ST/STM32CubeIDE/plugins/com.st.stm32cube.ide.mcu.externaltools.gnu-tools-for-stm32.11.3.rel1.win32_1.1.100.202309141235/tools/bin/../lib/gcc/arm-none-eabi/11.3.1/../../../../arm-none-eabi/lib/thumb/v7e-m+dp/hard\libm.a
LOAD C:/ST/STM32CubeIDE/plugins/com.st.stm32cube.ide.mcu.externaltools.gnu-tools-for-stm32.11.3.rel1.win32_1.1.100.202309141235/tools/bin/../lib/gcc/arm-none-eabi/11.3.1/thumb/v7e-m+dp/hard\libgcc.a

.comment        0x0000000000000000       0x43
 .comment       0x0000000000000000       0x43 C:/ST/STM32CubeIDE/plugins/com.st.stm32cube.ide.mcu.externaltools.gnu-tools-for-stm32.11.3.rel1.win32_1.1.100.202309141235/tools/bin/../lib/gcc/arm-none-eabi/11.3.1/thumb/v7e-m+dp/hard/crtbegin.o
                                         0x44 (size before relaxing)
 .comment       0x0000000000000043       0x44 ./Core/Src/main.o
 .comment       0x0000000000000043       0x44 ./Core/Src/stm32h7xx_hal_msp.o
 .comment       0x0000000000000043       0x44 ./Core/Src/stm32h7xx_it.o
 .comment       0x0000000000000043       0x44 ./Core/Src/sysmem.o
 .comment       0x0000000000000043       0x44 ./Core/Src/system_stm32h7xx.o
 .comment       0x0000000000000043       0x44 ./Drivers/STM32H7xx_HAL_Driver/Src/stm32h7xx_hal.o
 .comment       0x0000000000000043       0x44 ./Drivers/STM32H7xx_HAL_Driver/Src/stm32h7xx_hal_cortex.o
 .comment       0x0000000000000043       0x44 ./Drivers/STM32H7xx_HAL_Driver/Src/stm32h7xx_hal_dma.o
 .comment       0x0000000000000043       0x44 ./Drivers/STM32H7xx_HAL_Driver/Src/stm32h7xx_hal_gpio.o
 .comment       0x0000000000000043       0x44 ./Drivers/STM32H7xx_HAL_Driver/Src/stm32h7xx_hal_i2c.o
 .comment       0x0000000000000043       0x44 ./Drivers/STM32H7xx_HAL_Driver/Src/stm32h7xx_hal_i2c_ex.o
 .comment       0x0000000000000043       0x44 ./Drivers/STM32H7xx_HAL_Driver/Src/stm32h7xx_hal_pwr_ex.o
 .comment       0x0000000000000043       0x44 ./Drivers/STM32H7xx_HAL_Driver/Src/stm32h7xx_hal_rcc.o
 .comment       0x0000000000000043       0x44 ./Drivers/STM32H7xx_HAL_Driver/Src/stm32h7xx_hal_rcc_ex.o
 .comment       0x0000000000000043       0x44 ./Drivers/STM32H7xx_HAL_Driver/Src/stm32h7xx_hal_uart.o
 .comment       0x0000000000000043       0x44 ./Drivers/STM32H7xx_HAL_Driver/Src/stm32h7xx_hal_uart_ex.o

.debug_info     0x0000000000000000    0x139aa
 .debug_info    0x0000000000000000     0x1a7e ./Core/Src/main.o
 .debug_info    0x0000000000001a7e     0x1778 ./Core/Src/stm32h7xx_hal_msp.o
 .debug_info    0x00000000000031f6      0x83e ./Core/Src/stm32h7xx_it.o
 .debug_info    0x0000000000003a34      0x168 ./Core/Src/sysmem.o
 .debug_info    0x0000000000003b9c      0xc73 ./Core/Src/system_stm32h7xx.o
 .debug_info    0x000000000000480f       0x23 ./Core/Startup/startup_stm32h7b0vbtx.o
 .debug_info    0x0000000000004832     0x1403 ./Drivers/STM32H7xx_HAL_Driver/Src/stm32h7xx_hal.o
 .debug_info    0x0000000000005c35     0x1054 ./Drivers/STM32H7xx_HAL_Driver/Src/stm32h7xx_hal_cortex.o
 .debug_info    0x0000000000006c89      0xb67 ./Drivers/STM32H7xx_HAL_Driver/Src/stm32h7xx_hal_dma.o
 .debug_info    0x00000000000077f0      0xb2b ./Drivers/STM32H7xx_HAL_Driver/Src/stm32h7xx_hal_gpio.o
 .debug_info    0x000000000000831b     0x2190 ./Drivers/STM32H7xx_HAL_Driver/Src/stm32h7xx_hal_i2c.o
 .debug_info    0x000000000000a4ab      0xc56 ./Drivers/STM32H7xx_HAL_Driver/Src/stm32h7xx_hal_i2c_ex.o
 .debug_info    0x000000000000b101      0xef7 ./Drivers/STM32H7xx_HAL_Driver/Src/stm32h7xx_hal_pwr_ex.o
 .debug_info    0x000000000000bff8      0xec0 ./Drivers/STM32H7xx_HAL_Driver/Src/stm32h7xx_hal_rcc.o
 .debug_info    0x000000000000ceb8     0x11d9 ./Drivers/STM32H7xx_HAL_Driver/Src/stm32h7xx_hal_rcc_ex.o
 .debug_info    0x000000000000e091     0x49b4 ./Drivers/STM32H7xx_HAL_Driver/Src/stm32h7xx_hal_uart.o
 .debug_info    0x0000000000012a45      0xf65 ./Drivers/STM32H7xx_HAL_Driver/Src/stm32h7xx_hal_uart_ex.o

.debug_abbrev   0x0000000000000000     0x254b
 .debug_abbrev  0x0000000000000000      0x350 ./Core/Src/main.o
 .debug_abbrev  0x0000000000000350      0x228 ./Core/Src/stm32h7xx_hal_msp.o
 .debug_abbrev  0x0000000000000578      0x171 ./Core/Src/stm32h7xx_it.o
 .debug_abbrev  0x00000000000006e9       0xbc ./Core/Src/sysmem.o
 .debug_abbrev  0x00000000000007a5      0x14a ./Core/Src/system_stm32h7xx.o
 .debug_abbrev  0x00000000000008ef       0x12 ./Core/Startup/startup_stm32h7b0vbtx.o
 .debug_abbrev  0x0000000000000901      0x291 ./Drivers/STM32H7xx_HAL_Driver/Src/stm32h7xx_hal.o
 .debug_abbrev  0x0000000000000b92      0x339 ./Drivers/STM32H7xx_HAL_Driver/Src/stm32h7xx_hal_cortex.o
 .debug_abbrev  0x0000000000000ecb      0x248 ./Drivers/STM32H7xx_HAL_Driver/Src/stm32h7xx_hal_dma.o
 .debug_abbrev  0x0000000000001113      0x1fa ./Drivers/STM32H7xx_HAL_Driver/Src/stm32h7xx_hal_gpio.o
 .debug_abbrev  0x000000000000130d      0x257 ./Drivers/STM32H7xx_HAL_Driver/Src/stm32h7xx_hal_i2c.o
 .debug_abbrev  0x0000000000001564      0x1f1 ./Drivers/STM32H7xx_HAL_Driver/Src/stm32h7xx_hal_i2c_ex.o
 .debug_abbrev  0x0000000000001755      0x297 ./Drivers/STM32H7xx_HAL_Driver/Src/stm32h7xx_hal_pwr_ex.o
 .debug_abbrev  0x00000000000019ec      0x2c4 ./Drivers/STM32H7xx_HAL_Driver/Src/stm32h7xx_hal_rcc.o
 .debug_abbrev  0x0000000000001cb0      0x27a ./Drivers/STM32H7xx_HAL_Driver/Src/stm32h7xx_hal_rcc_ex.o
 .debug_abbrev  0x0000000000001f2a      0x34e ./Drivers/STM32H7xx_HAL_Driver/Src/stm32h7xx_hal_uart.o
 .debug_abbrev  0x0000000000002278      0x2d3 ./Drivers/STM32H7xx_HAL_Driver/Src/stm32h7xx_hal_uart_ex.o

.debug_aranges  0x0000000000000000      0xdf0
 .debug_aranges
                0x0000000000000000       0x50 ./Core/Src/main.o
 .debug_aranges
                0x0000000000000050       0x40 ./Core/Src/stm32h7xx_hal_msp.o
 .debug_aranges
                0x0000000000000090       0x78 ./Core/Src/stm32h7xx_it.o
 .debug_aranges
                0x0000000000000108       0x20 ./Core/Src/sysmem.o
 .debug_aranges
                0x0000000000000128       0x28 ./Core/Src/system_stm32h7xx.o
 .debug_aranges
                0x0000000000000150       0x28 ./Core/Startup/startup_stm32h7b0vbtx.o
 .debug_aranges
                0x0000000000000178      0x1a0 ./Drivers/STM32H7xx_HAL_Driver/Src/stm32h7xx_hal.o
 .debug_aranges
                0x0000000000000318      0x120 ./Drivers/STM32H7xx_HAL_Driver/Src/stm32h7xx_hal_cortex.o
 .debug_aranges
                0x0000000000000438       0xa0 ./Drivers/STM32H7xx_HAL_Driver/Src/stm32h7xx_hal_dma.o
 .debug_aranges
                0x00000000000004d8       0x58 ./Drivers/STM32H7xx_HAL_Driver/Src/stm32h7xx_hal_gpio.o
 .debug_aranges
                0x0000000000000530      0x290 ./Drivers/STM32H7xx_HAL_Driver/Src/stm32h7xx_hal_i2c.o
 .debug_aranges
                0x00000000000007c0       0x48 ./Drivers/STM32H7xx_HAL_Driver/Src/stm32h7xx_hal_i2c_ex.o
 .debug_aranges
                0x0000000000000808      0x188 ./Drivers/STM32H7xx_HAL_Driver/Src/stm32h7xx_hal_pwr_ex.o
 .debug_aranges
                0x0000000000000990       0x88 ./Drivers/STM32H7xx_HAL_Driver/Src/stm32h7xx_hal_rcc.o
 .debug_aranges
                0x0000000000000a18       0xf0 ./Drivers/STM32H7xx_HAL_Driver/Src/stm32h7xx_hal_rcc_ex.o
 .debug_aranges
                0x0000000000000b08      0x248 ./Drivers/STM32H7xx_HAL_Driver/Src/stm32h7xx_hal_uart.o
 .debug_aranges
                0x0000000000000d50       0xa0 ./Drivers/STM32H7xx_HAL_Driver/Src/stm32h7xx_hal_uart_ex.o

.debug_rnglists
                0x0000000000000000      0xadb
 .debug_rnglists
                0x0000000000000000       0x3d ./Core/Src/main.o
 .debug_rnglists
                0x000000000000003d       0x2d ./Core/Src/stm32h7xx_hal_msp.o
 .debug_rnglists
                0x000000000000006a       0x55 ./Core/Src/stm32h7xx_it.o
 .debug_rnglists
                0x00000000000000bf       0x13 ./Core/Src/sysmem.o
 .debug_rnglists
                0x00000000000000d2       0x1b ./Core/Src/system_stm32h7xx.o
 .debug_rnglists
                0x00000000000000ed       0x19 ./Core/Startup/startup_stm32h7b0vbtx.o
 .debug_rnglists
                0x0000000000000106      0x137 ./Drivers/STM32H7xx_HAL_Driver/Src/stm32h7xx_hal.o
 .debug_rnglists
                0x000000000000023d       0xd4 ./Drivers/STM32H7xx_HAL_Driver/Src/stm32h7xx_hal_cortex.o
 .debug_rnglists
                0x0000000000000311       0x82 ./Drivers/STM32H7xx_HAL_Driver/Src/stm32h7xx_hal_dma.o
 .debug_rnglists
                0x0000000000000393       0x3f ./Drivers/STM32H7xx_HAL_Driver/Src/stm32h7xx_hal_gpio.o
 .debug_rnglists
                0x00000000000003d2      0x21b ./Drivers/STM32H7xx_HAL_Driver/Src/stm32h7xx_hal_i2c.o
 .debug_rnglists
                0x00000000000005ed       0x35 ./Drivers/STM32H7xx_HAL_Driver/Src/stm32h7xx_hal_i2c_ex.o
 .debug_rnglists
                0x0000000000000622      0x125 ./Drivers/STM32H7xx_HAL_Driver/Src/stm32h7xx_hal_pwr_ex.o
 .debug_rnglists
                0x0000000000000747       0x68 ./Drivers/STM32H7xx_HAL_Driver/Src/stm32h7xx_hal_rcc.o
 .debug_rnglists
                0x00000000000007af       0xba ./Drivers/STM32H7xx_HAL_Driver/Src/stm32h7xx_hal_rcc_ex.o
 .debug_rnglists
                0x0000000000000869      0x1f9 ./Drivers/STM32H7xx_HAL_Driver/Src/stm32h7xx_hal_uart.o
 .debug_rnglists
                0x0000000000000a62       0x79 ./Drivers/STM32H7xx_HAL_Driver/Src/stm32h7xx_hal_uart_ex.o

.debug_macro    0x0000000000000000    0x2fe68
 .debug_macro   0x0000000000000000      0x310 ./Core/Src/main.o
 .debug_macro   0x0000000000000310      0xac0 ./Core/Src/main.o
 .debug_macro   0x0000000000000dd0      0x232 ./Core/Src/main.o
 .debug_macro   0x0000000000001002       0x2e ./Core/Src/main.o
 .debug_macro   0x0000000000001030       0x3b ./Core/Src/main.o
 .debug_macro   0x000000000000106b       0x22 ./Core/Src/main.o
 .debug_macro   0x000000000000108d       0x8e ./Core/Src/main.o
 .debug_macro   0x000000000000111b       0x51 ./Core/Src/main.o
 .debug_macro   0x000000000000116c      0x103 ./Core/Src/main.o
 .debug_macro   0x000000000000126f       0x6a ./Core/Src/main.o
 .debug_macro   0x00000000000012d9      0x1df ./Core/Src/main.o
 .debug_macro   0x00000000000014b8       0x1c ./Core/Src/main.o
 .debug_macro   0x00000000000014d4       0x22 ./Core/Src/main.o
 .debug_macro   0x00000000000014f6       0xfb ./Core/Src/main.o
 .debug_macro   0x00000000000015f1     0x1305 ./Core/Src/main.o
 .debug_macro   0x00000000000028f6      0x11f ./Core/Src/main.o
 .debug_macro   0x0000000000002a15       0x27 ./Core/Src/main.o
 .debug_macro   0x0000000000002a3c    0x1f23a ./Core/Src/main.o
 .debug_macro   0x0000000000021c76       0x6d ./Core/Src/main.o
 .debug_macro   0x0000000000021ce3     0x3d29 ./Core/Src/main.o
 .debug_macro   0x0000000000025a0c      0x174 ./Core/Src/main.o
 .debug_macro   0x0000000000025b80       0x61 ./Core/Src/main.o
 .debug_macro   0x0000000000025be1       0x29 ./Core/Src/main.o
 .debug_macro   0x0000000000025c0a       0x43 ./Core/Src/main.o
 .debug_macro   0x0000000000025c4d       0x34 ./Core/Src/main.o
 .debug_macro   0x0000000000025c81       0x16 ./Core/Src/main.o
 .debug_macro   0x0000000000025c97       0x43 ./Core/Src/main.o
 .debug_macro   0x0000000000025cda       0x34 ./Core/Src/main.o
 .debug_macro   0x0000000000025d0e       0x10 ./Core/Src/main.o
 .debug_macro   0x0000000000025d1e       0x58 ./Core/Src/main.o
 .debug_macro   0x0000000000025d76       0x8e ./Core/Src/main.o
 .debug_macro   0x0000000000025e04       0x1c ./Core/Src/main.o
 .debug_macro   0x0000000000025e20      0x177 ./Core/Src/main.o
 .debug_macro   0x0000000000025f97      0x369 ./Core/Src/main.o
 .debug_macro   0x0000000000026300      0x19b ./Core/Src/main.o
 .debug_macro   0x000000000002649b       0x5d ./Core/Src/main.o
 .debug_macro   0x00000000000264f8     0x2606 ./Core/Src/main.o
 .debug_macro   0x0000000000028afe     0x1010 ./Core/Src/main.o
 .debug_macro   0x0000000000029b0e      0x14d ./Core/Src/main.o
 .debug_macro   0x0000000000029c5b      0x114 ./Core/Src/main.o
 .debug_macro   0x0000000000029d6f      0x3bf ./Core/Src/main.o
 .debug_macro   0x000000000002a12e       0xac ./Core/Src/main.o
 .debug_macro   0x000000000002a1da      0x70a ./Core/Src/main.o
 .debug_macro   0x000000000002a8e4      0x20c ./Core/Src/main.o
 .debug_macro   0x000000000002aaf0       0x66 ./Core/Src/main.o
 .debug_macro   0x000000000002ab56      0x3c9 ./Core/Src/main.o
 .debug_macro   0x000000000002af1f      0x3eb ./Core/Src/main.o
 .debug_macro   0x000000000002b30a      0x275 ./Core/Src/main.o
 .debug_macro   0x000000000002b57f      0x380 ./Core/Src/main.o
 .debug_macro   0x000000000002b8ff      0x44e ./Core/Src/main.o
 .debug_macro   0x000000000002bd4d       0x43 ./Core/Src/main.o
 .debug_macro   0x000000000002bd90       0x4a ./Core/Src/main.o
 .debug_macro   0x000000000002bdda      0x22c ./Core/Src/main.o
 .debug_macro   0x000000000002c006       0x67 ./Core/Src/main.o
 .debug_macro   0x000000000002c06d       0xa5 ./Core/Src/main.o
 .debug_macro   0x000000000002c112      0x1bd ./Core/Src/main.o
 .debug_macro   0x000000000002c2cf      0x2ab ./Core/Src/main.o
 .debug_macro   0x000000000002c57a       0x35 ./Core/Src/main.o
 .debug_macro   0x000000000002c5af      0x67e ./Core/Src/main.o
 .debug_macro   0x000000000002cc2d       0xa6 ./Core/Src/main.o
 .debug_macro   0x000000000002ccd3      0x5be ./Core/Src/main.o
 .debug_macro   0x000000000002d291       0x28 ./Core/Src/main.o
 .debug_macro   0x000000000002d2b9       0x16 ./Core/Src/main.o
 .debug_macro   0x000000000002d2cf       0x35 ./Core/Src/main.o
 .debug_macro   0x000000000002d304       0x20 ./Core/Src/main.o
 .debug_macro   0x000000000002d324       0x1c ./Core/Src/main.o
 .debug_macro   0x000000000002d340       0x10 ./Core/Src/main.o
 .debug_macro   0x000000000002d350       0x1c ./Core/Src/main.o
 .debug_macro   0x000000000002d36c       0x16 ./Core/Src/main.o
 .debug_macro   0x000000000002d382      0x147 ./Core/Src/main.o
 .debug_macro   0x000000000002d4c9       0x22 ./Core/Src/main.o
 .debug_macro   0x000000000002d4eb      0x2a3 ./Core/Src/stm32h7xx_hal_msp.o
 .debug_macro   0x000000000002d78e      0x2ad ./Core/Src/stm32h7xx_it.o
 .debug_macro   0x000000000002da3b       0xff ./Core/Src/sysmem.o
 .debug_macro   0x000000000002db3a      0x23c ./Core/Src/sysmem.o
 .debug_macro   0x000000000002dd76      0x294 ./Core/Src/system_stm32h7xx.o
 .debug_macro   0x000000000002e00a      0x2be ./Drivers/STM32H7xx_HAL_Driver/Src/stm32h7xx_hal.o
 .debug_macro   0x000000000002e2c8      0x294 ./Drivers/STM32H7xx_HAL_Driver/Src/stm32h7xx_hal_cortex.o
 .debug_macro   0x000000000002e55c      0x2e7 ./Drivers/STM32H7xx_HAL_Driver/Src/stm32h7xx_hal_dma.o
 .debug_macro   0x000000000002e843      0x29b ./Drivers/STM32H7xx_HAL_Driver/Src/stm32h7xx_hal_gpio.o
 .debug_macro   0x000000000002eade      0x360 ./Drivers/STM32H7xx_HAL_Driver/Src/stm32h7xx_hal_i2c.o
 .debug_macro   0x000000000002ee3e      0x294 ./Drivers/STM32H7xx_HAL_Driver/Src/stm32h7xx_hal_i2c_ex.o
 .debug_macro   0x000000000002f0d2      0x2cd ./Drivers/STM32H7xx_HAL_Driver/Src/stm32h7xx_hal_pwr_ex.o
 .debug_macro   0x000000000002f39f      0x2b8 ./Drivers/STM32H7xx_HAL_Driver/Src/stm32h7xx_hal_rcc.o
 .debug_macro   0x000000000002f657      0x2b2 ./Drivers/STM32H7xx_HAL_Driver/Src/stm32h7xx_hal_rcc_ex.o
 .debug_macro   0x000000000002f909      0x2bf ./Drivers/STM32H7xx_HAL_Driver/Src/stm32h7xx_hal_uart.o
 .debug_macro   0x000000000002fbc8      0x2a0 ./Drivers/STM32H7xx_HAL_Driver/Src/stm32h7xx_hal_uart_ex.o

.debug_line     0x0000000000000000    0x14b65
 .debug_line    0x0000000000000000      0xb30 ./Core/Src/main.o
 .debug_line    0x0000000000000b30      0x923 ./Core/Src/stm32h7xx_hal_msp.o
 .debug_line    0x0000000000001453      0x95a ./Core/Src/stm32h7xx_it.o
 .debug_line    0x0000000000001dad      0x51f ./Core/Src/sysmem.o
 .debug_line    0x00000000000022cc      0x9f4 ./Core/Src/system_stm32h7xx.o
 .debug_line    0x0000000000002cc0       0x7a ./Core/Startup/startup_stm32h7b0vbtx.o
 .debug_line    0x0000000000002d3a      0xe07 ./Drivers/STM32H7xx_HAL_Driver/Src/stm32h7xx_hal.o
 .debug_line    0x0000000000003b41      0xe03 ./Drivers/STM32H7xx_HAL_Driver/Src/stm32h7xx_hal_cortex.o
 .debug_line    0x0000000000004944     0x2878 ./Drivers/STM32H7xx_HAL_Driver/Src/stm32h7xx_hal_dma.o
 .debug_line    0x00000000000071bc      0xcc0 ./Drivers/STM32H7xx_HAL_Driver/Src/stm32h7xx_hal_gpio.o
 .debug_line    0x0000000000007e7c     0x381f ./Drivers/STM32H7xx_HAL_Driver/Src/stm32h7xx_hal_i2c.o
 .debug_line    0x000000000000b69b      0xa6d ./Drivers/STM32H7xx_HAL_Driver/Src/stm32h7xx_hal_i2c_ex.o
 .debug_line    0x000000000000c108      0xf60 ./Drivers/STM32H7xx_HAL_Driver/Src/stm32h7xx_hal_pwr_ex.o
 .debug_line    0x000000000000d068     0x130a ./Drivers/STM32H7xx_HAL_Driver/Src/stm32h7xx_hal_rcc.o
 .debug_line    0x000000000000e372     0x1a6b ./Drivers/STM32H7xx_HAL_Driver/Src/stm32h7xx_hal_rcc_ex.o
 .debug_line    0x000000000000fddd     0x3ead ./Drivers/STM32H7xx_HAL_Driver/Src/stm32h7xx_hal_uart.o
 .debug_line    0x0000000000013c8a      0xedb ./Drivers/STM32H7xx_HAL_Driver/Src/stm32h7xx_hal_uart_ex.o

.debug_str      0x0000000000000000   0x1371df
 .debug_str     0x0000000000000000   0x132661 ./Core/Src/main.o
                                     0x132d0c (size before relaxing)
 .debug_str     0x0000000000132661      0x3a2 ./Core/Src/stm32h7xx_hal_msp.o
                                     0x1325a1 (size before relaxing)
 .debug_str     0x0000000000132a03      0x12a ./Core/Src/stm32h7xx_it.o
                                     0x13151b (size before relaxing)
 .debug_str     0x0000000000132b2d      0x4dc ./Core/Src/sysmem.o
                                       0x6096 (size before relaxing)
 .debug_str     0x0000000000133009      0x30e ./Core/Src/system_stm32h7xx.o
                                     0x13135d (size before relaxing)
 .debug_str     0x0000000000133317       0x34 ./Core/Startup/startup_stm32h7b0vbtx.o
                                         0x5f (size before relaxing)
 .debug_str     0x000000000013334b      0x7f7 ./Drivers/STM32H7xx_HAL_Driver/Src/stm32h7xx_hal.o
                                     0x13225a (size before relaxing)
 .debug_str     0x0000000000133b42      0x333 ./Drivers/STM32H7xx_HAL_Driver/Src/stm32h7xx_hal_cortex.o
                                     0x131c6a (size before relaxing)
 .debug_str     0x0000000000133e75      0x8ee ./Drivers/STM32H7xx_HAL_Driver/Src/stm32h7xx_hal_dma.o
                                     0x131a8c (size before relaxing)
 .debug_str     0x0000000000134763       0xb4 ./Drivers/STM32H7xx_HAL_Driver/Src/stm32h7xx_hal_gpio.o
                                     0x13130e (size before relaxing)
 .debug_str     0x0000000000134817      0xd73 ./Drivers/STM32H7xx_HAL_Driver/Src/stm32h7xx_hal_i2c.o
                                     0x132385 (size before relaxing)
 .debug_str     0x000000000013558a       0xb8 ./Drivers/STM32H7xx_HAL_Driver/Src/stm32h7xx_hal_i2c_ex.o
                                     0x131767 (size before relaxing)
 .debug_str     0x0000000000135642      0x756 ./Drivers/STM32H7xx_HAL_Driver/Src/stm32h7xx_hal_pwr_ex.o
                                     0x131893 (size before relaxing)
 .debug_str     0x0000000000135d98      0x22e ./Drivers/STM32H7xx_HAL_Driver/Src/stm32h7xx_hal_rcc.o
                                     0x131736 (size before relaxing)
 .debug_str     0x0000000000135fc6      0x611 ./Drivers/STM32H7xx_HAL_Driver/Src/stm32h7xx_hal_rcc_ex.o
                                     0x131ba2 (size before relaxing)
 .debug_str     0x00000000001365d7      0x9b5 ./Drivers/STM32H7xx_HAL_Driver/Src/stm32h7xx_hal_uart.o
                                     0x13223e (size before relaxing)
 .debug_str     0x0000000000136f8c      0x253 ./Drivers/STM32H7xx_HAL_Driver/Src/stm32h7xx_hal_uart_ex.o
                                     0x1317c3 (size before relaxing)

.debug_frame    0x0000000000000000     0x3f30
 .debug_frame   0x0000000000000000       0xf0 ./Core/Src/main.o
 .debug_frame   0x00000000000000f0       0xd0 ./Core/Src/stm32h7xx_hal_msp.o
 .debug_frame   0x00000000000001c0      0x158 ./Core/Src/stm32h7xx_it.o
 .debug_frame   0x0000000000000318       0x34 ./Core/Src/sysmem.o
 .debug_frame   0x000000000000034c       0x58 ./Core/Src/system_stm32h7xx.o
 .debug_frame   0x00000000000003a4      0x6a8 ./Drivers/STM32H7xx_HAL_Driver/Src/stm32h7xx_hal.o
 .debug_frame   0x0000000000000a4c      0x4b8 ./Drivers/STM32H7xx_HAL_Driver/Src/stm32h7xx_hal_cortex.o
 .debug_frame   0x0000000000000f04      0x2b4 ./Drivers/STM32H7xx_HAL_Driver/Src/stm32h7xx_hal_dma.o
 .debug_frame   0x00000000000011b8      0x14c ./Drivers/STM32H7xx_HAL_Driver/Src/stm32h7xx_hal_gpio.o
 .debug_frame   0x0000000000001304      0xbf0 ./Drivers/STM32H7xx_HAL_Driver/Src/stm32h7xx_hal_i2c.o
 .debug_frame   0x0000000000001ef4      0x100 ./Drivers/STM32H7xx_HAL_Driver/Src/stm32h7xx_hal_i2c_ex.o
 .debug_frame   0x0000000000001ff4      0x660 ./Drivers/STM32H7xx_HAL_Driver/Src/stm32h7xx_hal_pwr_ex.o
 .debug_frame   0x0000000000002654      0x1fc ./Drivers/STM32H7xx_HAL_Driver/Src/stm32h7xx_hal_rcc.o
 .debug_frame   0x0000000000002850      0x3cc ./Drivers/STM32H7xx_HAL_Driver/Src/stm32h7xx_hal_rcc_ex.o
 .debug_frame   0x0000000000002c1c      0xa94 ./Drivers/STM32H7xx_HAL_Driver/Src/stm32h7xx_hal_uart.o
 .debug_frame   0x00000000000036b0      0x29c ./Drivers/STM32H7xx_HAL_Driver/Src/stm32h7xx_hal_uart_ex.o
 .debug_frame   0x000000000000394c      0x144 C:/ST/STM32CubeIDE/plugins/com.st.stm32cube.ide.mcu.externaltools.gnu-tools-for-stm32.11.3.rel1.win32_1.1.100.202309141235/tools/bin/../lib/gcc/arm-none-eabi/11.3.1/../../../../arm-none-eabi/lib/thumb/v7e-m+dp/hard\libc_nano.a(libc_a-findfp.o)
 .debug_frame   0x0000000000003a90       0x6c C:/ST/STM32CubeIDE/plugins/com.st.stm32cube.ide.mcu.externaltools.gnu-tools-for-stm32.11.3.rel1.win32_1.1.100.202309141235/tools/bin/../lib/gcc/arm-none-eabi/11.3.1/../../../../arm-none-eabi/lib/thumb/v7e-m+dp/hard\libc_nano.a(libc_a-sprintf.o)
 .debug_frame   0x0000000000003afc       0x20 C:/ST/STM32CubeIDE/plugins/com.st.stm32cube.ide.mcu.externaltools.gnu-tools-for-stm32.11.3.rel1.win32_1.1.100.202309141235/tools/bin/../lib/gcc/arm-none-eabi/11.3.1/../../../../arm-none-eabi/lib/thumb/v7e-m+dp/hard\libc_nano.a(libc_a-memset.o)
 .debug_frame   0x0000000000003b1c       0x38 C:/ST/STM32CubeIDE/plugins/com.st.stm32cube.ide.mcu.externaltools.gnu-tools-for-stm32.11.3.rel1.win32_1.1.100.202309141235/tools/bin/../lib/gcc/arm-none-eabi/11.3.1/../../../../arm-none-eabi/lib/thumb/v7e-m+dp/hard\libc_nano.a(libc_a-reent.o)
 .debug_frame   0x0000000000003b54       0x20 C:/ST/STM32CubeIDE/plugins/com.st.stm32cube.ide.mcu.externaltools.gnu-tools-for-stm32.11.3.rel1.win32_1.1.100.202309141235/tools/bin/../lib/gcc/arm-none-eabi/11.3.1/../../../../arm-none-eabi/lib/thumb/v7e-m+dp/hard\libc_nano.a(libc_a-errno.o)
 .debug_frame   0x0000000000003b74       0x2c C:/ST/STM32CubeIDE/plugins/com.st.stm32cube.ide.mcu.externaltools.gnu-tools-for-stm32.11.3.rel1.win32_1.1.100.202309141235/tools/bin/../lib/gcc/arm-none-eabi/11.3.1/../../../../arm-none-eabi/lib/thumb/v7e-m+dp/hard\libc_nano.a(libc_a-init.o)
 .debug_frame   0x0000000000003ba0       0xb0 C:/ST/STM32CubeIDE/plugins/com.st.stm32cube.ide.mcu.externaltools.gnu-tools-for-stm32.11.3.rel1.win32_1.1.100.202309141235/tools/bin/../lib/gcc/arm-none-eabi/11.3.1/../../../../arm-none-eabi/lib/thumb/v7e-m+dp/hard\libc_nano.a(libc_a-lock.o)
 .debug_frame   0x0000000000003c50       0x28 C:/ST/STM32CubeIDE/plugins/com.st.stm32cube.ide.mcu.externaltools.gnu-tools-for-stm32.11.3.rel1.win32_1.1.100.202309141235/tools/bin/../lib/gcc/arm-none-eabi/11.3.1/../../../../arm-none-eabi/lib/thumb/v7e-m+dp/hard\libc_nano.a(libc_a-memcpy-stub.o)
 .debug_frame   0x0000000000003c78       0x38 C:/ST/STM32CubeIDE/plugins/com.st.stm32cube.ide.mcu.externaltools.gnu-tools-for-stm32.11.3.rel1.win32_1.1.100.202309141235/tools/bin/../lib/gcc/arm-none-eabi/11.3.1/../../../../arm-none-eabi/lib/thumb/v7e-m+dp/hard\libc_nano.a(libc_a-freer.o)
 .debug_frame   0x0000000000003cb0       0x50 C:/ST/STM32CubeIDE/plugins/com.st.stm32cube.ide.mcu.externaltools.gnu-tools-for-stm32.11.3.rel1.win32_1.1.100.202309141235/tools/bin/../lib/gcc/arm-none-eabi/11.3.1/../../../../arm-none-eabi/lib/thumb/v7e-m+dp/hard\libc_nano.a(libc_a-mallocr.o)
 .debug_frame   0x0000000000003d00       0x30 C:/ST/STM32CubeIDE/plugins/com.st.stm32cube.ide.mcu.externaltools.gnu-tools-for-stm32.11.3.rel1.win32_1.1.100.202309141235/tools/bin/../lib/gcc/arm-none-eabi/11.3.1/../../../../arm-none-eabi/lib/thumb/v7e-m+dp/hard\libc_nano.a(libc_a-mlock.o)
 .debug_frame   0x0000000000003d30       0x90 C:/ST/STM32CubeIDE/plugins/com.st.stm32cube.ide.mcu.externaltools.gnu-tools-for-stm32.11.3.rel1.win32_1.1.100.202309141235/tools/bin/../lib/gcc/arm-none-eabi/11.3.1/../../../../arm-none-eabi/lib/thumb/v7e-m+dp/hard\libc_nano.a(libc_a-nano-svfprintf.o)
 .debug_frame   0x0000000000003dc0       0x60 C:/ST/STM32CubeIDE/plugins/com.st.stm32cube.ide.mcu.externaltools.gnu-tools-for-stm32.11.3.rel1.win32_1.1.100.202309141235/tools/bin/../lib/gcc/arm-none-eabi/11.3.1/../../../../arm-none-eabi/lib/thumb/v7e-m+dp/hard\libc_nano.a(libc_a-nano-vfprintf_i.o)
 .debug_frame   0x0000000000003e20       0x28 C:/ST/STM32CubeIDE/plugins/com.st.stm32cube.ide.mcu.externaltools.gnu-tools-for-stm32.11.3.rel1.win32_1.1.100.202309141235/tools/bin/../lib/gcc/arm-none-eabi/11.3.1/../../../../arm-none-eabi/lib/thumb/v7e-m+dp/hard\libc_nano.a(libc_a-memmove.o)
 .debug_frame   0x0000000000003e48       0x2c C:/ST/STM32CubeIDE/plugins/com.st.stm32cube.ide.mcu.externaltools.gnu-tools-for-stm32.11.3.rel1.win32_1.1.100.202309141235/tools/bin/../lib/gcc/arm-none-eabi/11.3.1/../../../../arm-none-eabi/lib/thumb/v7e-m+dp/hard\libc_nano.a(libc_a-sbrkr.o)
 .debug_frame   0x0000000000003e74       0x3c C:/ST/STM32CubeIDE/plugins/com.st.stm32cube.ide.mcu.externaltools.gnu-tools-for-stm32.11.3.rel1.win32_1.1.100.202309141235/tools/bin/../lib/gcc/arm-none-eabi/11.3.1/../../../../arm-none-eabi/lib/thumb/v7e-m+dp/hard\libc_nano.a(libc_a-reallocr.o)
 .debug_frame   0x0000000000003eb0       0x20 C:/ST/STM32CubeIDE/plugins/com.st.stm32cube.ide.mcu.externaltools.gnu-tools-for-stm32.11.3.rel1.win32_1.1.100.202309141235/tools/bin/../lib/gcc/arm-none-eabi/11.3.1/../../../../arm-none-eabi/lib/thumb/v7e-m+dp/hard\libc_nano.a(libc_a-msizer.o)
 .debug_frame   0x0000000000003ed0       0x2c C:/ST/STM32CubeIDE/plugins/com.st.stm32cube.ide.mcu.externaltools.gnu-tools-for-stm32.11.3.rel1.win32_1.1.100.202309141235/tools/bin/../lib/gcc/arm-none-eabi/11.3.1/thumb/v7e-m+dp/hard\libgcc.a(_aeabi_uldivmod.o)
 .debug_frame   0x0000000000003efc       0x34 C:/ST/STM32CubeIDE/plugins/com.st.stm32cube.ide.mcu.externaltools.gnu-tools-for-stm32.11.3.rel1.win32_1.1.100.202309141235/tools/bin/../lib/gcc/arm-none-eabi/11.3.1/thumb/v7e-m+dp/hard\libgcc.a(_udivmoddi4.o)

.debug_line_str
                0x0000000000000000       0x53
 .debug_line_str
                0x0000000000000000       0x53 ./Core/Startup/startup_stm32h7b0vbtx.o
                                         0x6b (size before relaxing)
