../Drivers/STM32H7xx_HAL_Driver/Src/stm32h7xx_ll_utils.c:940:20:UTILS_IsPLLsReady	0	static
../Drivers/STM32H7xx_HAL_Driver/Src/stm32h7xx_ll_utils.c:288:6:LL_Init1msTick	0	static
../Drivers/STM32H7xx_HAL_Driver/Src/stm32h7xx_ll_utils.c:305:6:LL_mDelay	8	static
../Drivers/STM32H7xx_HAL_Driver/Src/stm32h7xx_ll_utils.c:473:6:LL_SetSystemCoreClock	0	static
../Drivers/STM32H7xx_HAL_Driver/Src/stm32h7xx_ll_utils.c:690:13:LL_SetFlashLatency	0	static
../Drivers/STM32H7xx_HAL_Driver/Src/stm32h7xx_ll_utils.c:977:20:UTILS_EnablePLLAndSwitchSystem	24	static
../Drivers/STM32H7xx_HAL_Driver/Src/stm32h7xx_ll_utils.c:500:13:LL_PLL_ConfigSystemClock_HSI	32	static
../Drivers/STM32H7xx_HAL_Driver/Src/stm32h7xx_ll_utils.c:596:13:LL_PLL_ConfigSystemClock_HSE	32	static
