../Drivers/OLED/ssd1306.c:24:6:ssd1306_Reset	8	static
../Drivers/OLED/ssd1306.c:36:6:ssd1306_WriteCommand	16	static
../Drivers/OLED/ssd1306.c:44:6:ssd1306_WriteData	16	static
../Drivers/OLED/ssd1306.c:63:17:ssd1306_FillBuffer	24	static
../Drivers/OLED/ssd1306.c:73:6:ssd1306_Init	8	static
../Drivers/OLED/ssd1306.c:175:6:ssd1306_Fill	24	static
../Drivers/OLED/ssd1306.c:185:6:ssd1306_UpdateScreen	16	static
../Drivers/OLED/ssd1306.c:204:6:ssd1306_DrawPixel	16	static
../Drivers/OLED/ssd1306.c:222:6:ssd1306_WriteChar	32	static
../Drivers/OLED/ssd1306.c:250:6:ssd1306_WriteString	24	static
../Drivers/OLED/ssd1306.c:267:6:ssd1306_SetCursor	16	static
../Drivers/OLED/ssd1306.c:273:6:ssd1306_Line	48	static
../Drivers/OLED/ssd1306.c:309:6:ssd1306_Polyline	40	static
../Drivers/OLED/ssd1306.c:323:14:ssd1306_DegToRad	16	static
../Drivers/OLED/ssd1306.c:327:17:ssd1306_NormalizeTo0_360	24	static
../Drivers/OLED/ssd1306.c:344:6:ssd1306_DrawArc	64	static
../Drivers/OLED/ssd1306.c:381:6:ssd1306_DrawCircle	40	static
../Drivers/OLED/ssd1306.c:426:6:ssd1306_DrawRectangle	32	static
../Drivers/OLED/ssd1306.c:437:6:ssd1306_DrawBitmap	24	static
../Drivers/OLED/ssd1306.c:459:6:ssd1306_SetContrast	24	static
../Drivers/OLED/ssd1306.c:465:6:ssd1306_SetDisplayOn	24	static
../Drivers/OLED/ssd1306.c:477:9:ssd1306_GetDisplayOn	4	static
