../Drivers/CMSIS/Include/core_cm7.h:1871:22:__NVIC_SetPriorityGrouping	1
../Drivers/CMSIS/Include/core_cm7.h:1890:26:__NVIC_GetPriorityGrouping	1
../Drivers/CMSIS/Include/core_cm7.h:2032:22:__NVIC_SetPriority	2
../Drivers/CMSIS/Include/core_cm7.h:2079:26:NVIC_EncodePriority	2
../Drivers/STM32H7xx_HAL_Driver/Inc/stm32h7xx_ll_rcc.h:1707:22:LL_RCC_HSI_Enable	1
../Drivers/STM32H7xx_HAL_Driver/Inc/stm32h7xx_ll_rcc.h:1727:26:LL_RCC_HSI_IsReady	2
../Drivers/STM32H7xx_HAL_Driver/Inc/stm32h7xx_ll_rcc.h:1752:22:LL_RCC_HSI_SetDivider	1
../Drivers/STM32H7xx_HAL_Driver/Inc/stm32h7xx_ll_rcc.h:1812:22:LL_RCC_HSI_SetCalibTrimming	2
../Drivers/STM32H7xx_HAL_Driver/Inc/stm32h7xx_ll_rcc.h:2408:22:LL_RCC_SetSysClkSource	1
../Drivers/STM32H7xx_HAL_Driver/Inc/stm32h7xx_ll_rcc.h:2422:26:LL_RCC_GetSysClkSource	1
../Drivers/STM32H7xx_HAL_Driver/Inc/stm32h7xx_ll_rcc.h:2492:22:LL_RCC_SetSysPrescaler	1
../Drivers/STM32H7xx_HAL_Driver/Inc/stm32h7xx_ll_rcc.h:2516:22:LL_RCC_SetAHBPrescaler	1
../Drivers/STM32H7xx_HAL_Driver/Inc/stm32h7xx_ll_rcc.h:2536:22:LL_RCC_SetAPB1Prescaler	1
../Drivers/STM32H7xx_HAL_Driver/Inc/stm32h7xx_ll_rcc.h:2556:22:LL_RCC_SetAPB2Prescaler	1
../Drivers/STM32H7xx_HAL_Driver/Inc/stm32h7xx_ll_rcc.h:2576:22:LL_RCC_SetAPB3Prescaler	1
../Drivers/STM32H7xx_HAL_Driver/Inc/stm32h7xx_ll_rcc.h:2596:22:LL_RCC_SetAPB4Prescaler	1
../Drivers/STM32H7xx_HAL_Driver/Inc/stm32h7xx_ll_bus.h:1384:22:LL_AHB4_GRP1_EnableClock	1
../Drivers/STM32H7xx_HAL_Driver/Inc/stm32h7xx_ll_bus.h:2814:22:LL_APB4_GRP1_EnableClock	1
../Drivers/STM32H7xx_HAL_Driver/Inc/stm32h7xx_ll_system.h:2333:22:LL_FLASH_SetLatency	1
../Drivers/STM32H7xx_HAL_Driver/Inc/stm32h7xx_ll_system.h:2351:26:LL_FLASH_GetLatency	1
../Drivers/STM32H7xx_HAL_Driver/Inc/stm32h7xx_ll_pwr.h:1012:22:LL_PWR_ConfigSupply	1
../Drivers/STM32H7xx_HAL_Driver/Inc/stm32h7xx_ll_pwr.h:1575:22:LL_PWR_SetRegulVoltageScaling	1
../Drivers/STM32H7xx_HAL_Driver/Inc/stm32h7xx_ll_gpio.h:884:22:LL_GPIO_SetOutputPin	1
../Drivers/STM32H7xx_HAL_Driver/Inc/stm32h7xx_ll_gpio.h:913:22:LL_GPIO_ResetOutputPin	1
../Core/Src/main.c:63:5:main	1
../Core/Src/main.c:118:6:SystemClock_Config	4
../Core/Src/main.c:159:13:MX_GPIO_Init	1
../Core/Src/main.c:187:6:Error_Handler	1
