21:32:06 **** Incremental Build of configuration Debug for project h750_i2c_control ****
make -j10 all 
arm-none-eabi-gcc "../Core/Src/main.c" -mcpu=cortex-m7 -std=gnu11 -g3 -DDEBUG -DUSE_HAL_DRIVER -DSTM32H750xx -c -I../Core/Inc -I../Drivers/STM32H7xx_HAL_Driver/Inc -I../Drivers/STM32H7xx_HAL_Driver/Inc/Legacy -I../Drivers/CMSIS/Device/ST/STM32H7xx/Include -I../Drivers/CMSIS/Include -O0 -ffunction-sections -fdata-sections -Wall -fstack-usage -fcyclomatic-complexity -MMD -MP -MF"Core/Src/main.d" -MT"Core/Src/main.o" --specs=nano.specs -mfpu=fpv5-d16 -mfloat-abi=hard -mthumb -o "Core/Src/main.o"
arm-none-eabi-gcc -o "h750_i2c_control.elf" @"objects.list"   -mcpu=cortex-m7 -T"C:\test\_STM32\_projects\h750_i2c_control\STM32H750VBTX_FLASH.ld" --specs=nosys.specs -Wl,-Map="h750_i2c_control.map" -Wl,--gc-sections -static --specs=nano.specs -mfpu=fpv5-d16 -mfloat-abi=hard -mthumb -Wl,--start-group -lc -lm -Wl,--end-group
Finished building target: h750_i2c_control.elf
 
arm-none-eabi-size  h750_i2c_control.elf 
arm-none-eabi-objdump -h -S h750_i2c_control.elf  > "h750_i2c_control.list"
arm-none-eabi-objcopy  -O ihex h750_i2c_control.elf  "h750_i2c_control.hex"
   text	   data	    bss	    dec	    hex	filename
  29572	    192	   2224	  31988	   7cf4	h750_i2c_control.elf
arm-none-eabi-objcopy  -O binary h750_i2c_control.elf  "h750_i2c_control.bin"
Finished building: default.size.stdout
 
Finished building: h750_i2c_control.hex
 
Finished building: h750_i2c_control.bin
 
Finished building: h750_i2c_control.list
 

21:32:08 Build Finished. 0 errors, 0 warnings. (took 1s.903ms)

